Rc files read (in order):
  NONE
Latexmk: This is Latexmk, John Collins, 9 March 2026. Version 4.88.
Force everything to be remade.
Latexmk: applying rule 'biber main'...
Rule 'biber main':  Reasons for rerun
Category 'other':
  Rerun of 'biber main' forced or previously required:
    Reason or flag: 'go_mode'

------------
Run number 1 of rule 'biber main'
------------
------------
Running 'biber  "main.bcf"'
------------
INFO - This is Biber 2.21
INFO - Logfile is 'main.blg'
INFO - Reading 'main.bcf'
INFO - Found 45 citekeys in bib section 0
INFO - Processing section 0
INFO - Looking for bibtex file 'references.bib' for section 0
INFO - LaTeX decoding ...
INFO - Found BibTeX data source 'references.bib'
INFO - Overriding locale 'fr-FR' defaults 'variable = shifted' with 'variable = non-ignorable'
INFO - Overriding locale 'fr-FR' defaults 'normalization = NFD' with 'normalization = prenormalized'
INFO - Sorting list 'none/global//global/global/global' of type 'entry' with template 'none' and locale 'fr-FR'
INFO - No sort tailoring available for locale 'fr-FR'
INFO - Writing 'main.bbl' with encoding 'UTF-8'
INFO - Output to main.bbl
Latexmk: Found biber source file(s) [main.bcf, references.bib]
Latexmk: applying rule 'pdflatex'...
Rule 'pdflatex':  Reasons for rerun
Category 'other':
  Rerun of 'pdflatex' forced or previously required:
    Reason or flag: 'go_mode'

------------
Run number 1 of rule 'pdflatex'
------------
------------
Running 'pdflatex  -interaction=nonstopmode -recorder  "main.tex"'
------------
This is pdfTeX, Version 3.141592653-2.6-1.40.29 (MiKTeX 26.5) (preloaded format=pdflatex.fmt)
 restricted \write18 enabled.
entering extended mode
(main.tex
LaTeX2e <2026-06-01>
L3 programming layer <2026-06-18>
(C:\Program Files\MiKTeX\tex/latex/base\report.cls
Document Class: report 2025/01/22 v1.4n Standard LaTeX document class
(C:\Program Files\MiKTeX\tex/latex/base\size12.clo))
(C:\Program Files\MiKTeX\tex/latex/base\inputenc.sty)
(C:\Program Files\MiKTeX\tex/latex/base\fontenc.sty)
(C:\Users\aymen\AppData\Roaming\MiKTeX\tex/latex/psnfss\times.sty)
(C:\Program Files\MiKTeX\tex/generic/babel\babel.sty
(C:\Program Files\MiKTeX\tex/generic/babel\txtbabel.def)
*************************************
* Local config file bblopts.cfg used
*
(C:\Program Files\MiKTeX\tex/latex/arabi\bblopts.cfg)
(C:\Program Files\MiKTeX\tex/generic/babel/locale/fr\babel-french.tex)
(C:\Users\aymen\AppData\Roaming\MiKTeX\tex/generic/babel-french\french.ldf
(C:\Users\aymen\AppData\Roaming\MiKTeX\tex/generic/babel-french\french3.ldf)))
(C:\Users\aymen\AppData\Roaming\MiKTeX\tex/latex/carlisle\scalefnt.sty)
(C:\Users\aymen\AppData\Roaming\MiKTeX\tex/latex/csquotes\csquotes.sty
(C:\Program Files\MiKTeX\tex/latex/etoolbox\etoolbox.sty)
(C:\Program Files\MiKTeX\tex/latex/graphics\keyval.sty)
(C:\Users\aymen\AppData\Roaming\MiKTeX\tex/latex/csquotes\csquotes.def)
(C:\Users\aymen\AppData\Roaming\MiKTeX\tex/latex/csquotes\csquotes.cfg))
(C:\Users\aymen\AppData\Roaming\MiKTeX\tex/latex/geometry\geometry.sty
(C:\Program Files\MiKTeX\tex/generic/iftex\ifvtex.sty
(C:\Program Files\MiKTeX\tex/generic/iftex\iftex.sty))
(C:\Users\aymen\AppData\Roaming\MiKTeX\tex/latex/geometry\geometry.cfg))
(C:\Users\aymen\AppData\Roaming\MiKTeX\tex/latex/setspace\setspace.sty)
(C:\Users\aymen\AppData\Roaming\MiKTeX\tex/latex/microtype\microtype.sty
(C:\Users\aymen\AppData\Roaming\MiKTeX\tex/latex/microtype\microtype-pdftex.def
) (C:\Users\aymen\AppData\Roaming\MiKTeX\tex/latex/microtype\microtype.cfg))
(C:\Users\aymen\AppData\Roaming\MiKTeX\tex/latex/fancyhdr\fancyhdr.sty)
(C:\Users\aymen\AppData\Roaming\MiKTeX\tex/latex/titlesec\titlesec.sty)
(C:\Users\aymen\AppData\Roaming\MiKTeX\tex/latex/chngcntr\chngcntr.sty)
(C:\Users\aymen\AppData\Roaming\MiKTeX\tex/latex/eso-pic\eso-pic.sty
(C:\Program Files\MiKTeX\tex/latex/xcolor\xcolor.sty
(C:\Program Files\MiKTeX\tex/latex/graphics-cfg\color.cfg)
(C:\Program Files\MiKTeX\tex/latex/graphics-def\pdftex.def)
(C:\Program Files\MiKTeX\tex/latex/graphics\mathcolor.ltx)))
(C:\Program Files\MiKTeX\tex/latex/tools\indentfirst.sty)
(C:\Program Files\MiKTeX\tex/latex/graphics\graphicx.sty
(C:\Program Files\MiKTeX\tex/latex/graphics\graphics.sty
(C:\Program Files\MiKTeX\tex/latex/graphics\trig.sty)
(C:\Program Files\MiKTeX\tex/latex/graphics-cfg\graphics.cfg)))
(C:\Users\aymen\AppData\Roaming\MiKTeX\tex/latex/float\float.sty)
(C:\Users\aymen\AppData\Roaming\MiKTeX\tex/latex/caption\caption.sty
(C:\Users\aymen\AppData\Roaming\MiKTeX\tex/latex/caption\caption3.sty))
(C:\Users\aymen\AppData\Roaming\MiKTeX\tex/latex/caption\subcaption.sty)
(C:\Users\aymen\AppData\Roaming\MiKTeX\tex/latex/booktabs\booktabs.sty)
(C:\Program Files\MiKTeX\tex/latex/tools\array.sty)
(C:\Users\aymen\AppData\Roaming\MiKTeX\tex/latex/multirow\multirow.sty)
(C:\Program Files\MiKTeX\tex/latex/tools\longtable.sty)
(C:\Users\aymen\AppData\Roaming\MiKTeX\tex/latex/colortbl\colortbl.sty
new hooks used!!
) (C:\Program Files\MiKTeX\tex/latex/tools\tabularx.sty)
(C:\Users\aymen\AppData\Roaming\MiKTeX\tex/latex/enumitem\enumitem.sty)
(C:\Program Files\MiKTeX\tex/latex/amsmath\amsmath.sty
For additional information on amsmath, use the `?' option.
(C:\Program Files\MiKTeX\tex/latex/amsmath\amstext.sty
(C:\Program Files\MiKTeX\tex/latex/amsmath\amsgen.sty))
(C:\Program Files\MiKTeX\tex/latex/amsmath\amsbsy.sty)
(C:\Program Files\MiKTeX\tex/latex/amsmath\amsopn.sty))
(C:\Program Files\MiKTeX\tex/latex/amsfonts\amssymb.sty
(C:\Program Files\MiKTeX\tex/latex/amsfonts\amsfonts.sty))
(C:\Users\aymen\AppData\Roaming\MiKTeX\tex/latex/siunitx\siunitx.sty
(C:\Users\aymen\AppData\Roaming\MiKTeX\tex/latex/translations\translations.sty
(C:\Program Files\MiKTeX\tex/generic/pdftexcmds\pdftexcmds.sty
(C:\Users\aymen\AppData\Roaming\MiKTeX\tex/generic/infwarerr\infwarerr.sty)
(C:\Users\aymen\AppData\Roaming\MiKTeX\tex/generic/ltxcmds\ltxcmds.sty))))
(C:\Program Files\MiKTeX\tex/latex/pgf/frontendlayer\tikz.sty
(C:\Program Files\MiKTeX\tex/latex/pgf/basiclayer\pgf.sty
(C:\Program Files\MiKTeX\tex/latex/pgf/utilities\pgfrcs.sty
(C:\Program Files\MiKTeX\tex/generic/pgf/utilities\pgfutil-common.tex)
(C:\Program Files\MiKTeX\tex/generic/pgf/utilities\pgfutil-latex.def)
(C:\Program Files\MiKTeX\tex/generic/pgf/utilities\pgfrcs.code.tex
(C:\Program Files\MiKTeX\tex/generic/pgf\pgf.revision.tex)))
(C:\Program Files\MiKTeX\tex/latex/pgf/basiclayer\pgfcore.sty
(C:\Program Files\MiKTeX\tex/latex/pgf/systemlayer\pgfsys.sty
(C:\Program Files\MiKTeX\tex/generic/pgf/systemlayer\pgfsys.code.tex
(C:\Program Files\MiKTeX\tex/generic/pgf/utilities\pgfkeys.code.tex
(C:\Program Files\MiKTeX\tex/generic/pgf/utilities\pgfkeyslibraryfiltered.code.
tex)) (C:\Program Files\MiKTeX\tex/generic/pgf/systemlayer\pgf.cfg)
(C:\Program Files\MiKTeX\tex/generic/pgf/systemlayer\pgfsys-pdftex.def
(C:\Program Files\MiKTeX\tex/generic/pgf/systemlayer\pgfsys-common-pdf.def)))
(C:\Program Files\MiKTeX\tex/generic/pgf/systemlayer\pgfsyssoftpath.code.tex)
(C:\Program Files\MiKTeX\tex/generic/pgf/systemlayer\pgfsysprotocol.code.tex))
(C:\Program Files\MiKTeX\tex/generic/pgf/basiclayer\pgfcore.code.tex
(C:\Program Files\MiKTeX\tex/generic/pgf/math\pgfmath.code.tex
(C:\Program Files\MiKTeX\tex/generic/pgf/math\pgfmathutil.code.tex)
(C:\Program Files\MiKTeX\tex/generic/pgf/math\pgfmathparser.code.tex)
(C:\Program Files\MiKTeX\tex/generic/pgf/math\pgfmathfunctions.code.tex)
(C:\Program Files\MiKTeX\tex/generic/pgf/math\pgfmathfunctions.basic.code.tex)
(C:\Program Files\MiKTeX\tex/generic/pgf/math\pgfmathfunctions.trigonometric.co
de.tex)
(C:\Program Files\MiKTeX\tex/generic/pgf/math\pgfmathfunctions.random.code.tex)

(C:\Program Files\MiKTeX\tex/generic/pgf/math\pgfmathfunctions.comparison.code.
tex)
(C:\Program Files\MiKTeX\tex/generic/pgf/math\pgfmathfunctions.base.code.tex)
(C:\Program Files\MiKTeX\tex/generic/pgf/math\pgfmathfunctions.round.code.tex)
(C:\Program Files\MiKTeX\tex/generic/pgf/math\pgfmathfunctions.misc.code.tex)
(C:\Program Files\MiKTeX\tex/generic/pgf/math\pgfmathfunctions.integerarithmeti
cs.code.tex) (C:\Program Files\MiKTeX\tex/generic/pgf/math\pgfmathcalc.code.tex
) (C:\Program Files\MiKTeX\tex/generic/pgf/math\pgfmathfloat.code.tex))
(C:\Program Files\MiKTeX\tex/generic/pgf/math\pgfint.code.tex)
(C:\Program Files\MiKTeX\tex/generic/pgf/basiclayer\pgfcorepoints.code.tex)
(C:\Program Files\MiKTeX\tex/generic/pgf/basiclayer\pgfcorepathconstruct.code.t
ex)
(C:\Program Files\MiKTeX\tex/generic/pgf/basiclayer\pgfcorepathusage.code.tex)
(C:\Program Files\MiKTeX\tex/generic/pgf/basiclayer\pgfcorescopes.code.tex)
(C:\Program Files\MiKTeX\tex/generic/pgf/basiclayer\pgfcoregraphicstate.code.te
x)
(C:\Program Files\MiKTeX\tex/generic/pgf/basiclayer\pgfcoretransformations.code
.tex) (C:\Program Files\MiKTeX\tex/generic/pgf/basiclayer\pgfcorequick.code.tex
) (C:\Program Files\MiKTeX\tex/generic/pgf/basiclayer\pgfcoreobjects.code.tex)
(C:\Program Files\MiKTeX\tex/generic/pgf/basiclayer\pgfcorepathprocessing.code.
tex) (C:\Program Files\MiKTeX\tex/generic/pgf/basiclayer\pgfcorearrows.code.tex
) (C:\Program Files\MiKTeX\tex/generic/pgf/basiclayer\pgfcoreshade.code.tex)
(C:\Program Files\MiKTeX\tex/generic/pgf/basiclayer\pgfcoreimage.code.tex)
(C:\Program Files\MiKTeX\tex/generic/pgf/basiclayer\pgfcoreexternal.code.tex)
(C:\Program Files\MiKTeX\tex/generic/pgf/basiclayer\pgfcorelayers.code.tex)
(C:\Program Files\MiKTeX\tex/generic/pgf/basiclayer\pgfcoretransparency.code.te
x) (C:\Program Files\MiKTeX\tex/generic/pgf/basiclayer\pgfcorepatterns.code.tex
) (C:\Program Files\MiKTeX\tex/generic/pgf/basiclayer\pgfcorerdf.code.tex)))
(C:\Program Files\MiKTeX\tex/generic/pgf/modules\pgfmoduleshapes.code.tex)
(C:\Program Files\MiKTeX\tex/generic/pgf/modules\pgfmoduleplot.code.tex)
(C:\Program Files\MiKTeX\tex/latex/pgf/compatibility\pgfcomp-version-0-65.sty)
(C:\Program Files\MiKTeX\tex/latex/pgf/compatibility\pgfcomp-version-1-18.sty))
 (C:\Program Files\MiKTeX\tex/latex/pgf/utilities\pgffor.sty
(C:\Program Files\MiKTeX\tex/latex/pgf/utilities\pgfkeys.sty
(C:\Program Files\MiKTeX\tex/generic/pgf/utilities\pgfkeys.code.tex))
(C:\Program Files\MiKTeX\tex/latex/pgf/math\pgfmath.sty
(C:\Program Files\MiKTeX\tex/generic/pgf/math\pgfmath.code.tex))
(C:\Program Files\MiKTeX\tex/generic/pgf/utilities\pgffor.code.tex))
(C:\Program Files\MiKTeX\tex/generic/pgf/frontendlayer/tikz\tikz.code.tex
(C:\Program Files\MiKTeX\tex/generic/pgf/libraries\pgflibraryplothandlers.code.
tex) (C:\Program Files\MiKTeX\tex/generic/pgf/modules\pgfmodulematrix.code.tex)

(C:\Program Files\MiKTeX\tex/generic/pgf/frontendlayer/tikz/libraries\tikzlibra
rytopaths.code.tex)))
(C:\Program Files\MiKTeX\tex/generic/pgf/frontendlayer/tikz/libraries\tikzlibra
ryshapes.code.tex
(C:\Program Files\MiKTeX\tex/generic/pgf/frontendlayer/tikz/libraries\tikzlibra
ryshapes.geometric.code.tex
(C:\Program Files\MiKTeX\tex/generic/pgf/libraries/shapes\pgflibraryshapes.geom
etric.code.tex))
(C:\Program Files\MiKTeX\tex/generic/pgf/frontendlayer/tikz/libraries\tikzlibra
ryshapes.misc.code.tex
(C:\Program Files\MiKTeX\tex/generic/pgf/libraries/shapes\pgflibraryshapes.misc
.code.tex))
(C:\Program Files\MiKTeX\tex/generic/pgf/frontendlayer/tikz/libraries\tikzlibra
ryshapes.symbols.code.tex
(C:\Program Files\MiKTeX\tex/generic/pgf/libraries/shapes\pgflibraryshapes.symb
ols.code.tex))
(C:\Program Files\MiKTeX\tex/generic/pgf/frontendlayer/tikz/libraries\tikzlibra
ryshapes.arrows.code.tex
(C:\Program Files\MiKTeX\tex/generic/pgf/libraries/shapes\pgflibraryshapes.arro
ws.code.tex))
(C:\Program Files\MiKTeX\tex/generic/pgf/frontendlayer/tikz/libraries\tikzlibra
ryshapes.callouts.code.tex
(C:\Program Files\MiKTeX\tex/generic/pgf/libraries/shapes\pgflibraryshapes.call
outs.code.tex))
(C:\Program Files\MiKTeX\tex/generic/pgf/frontendlayer/tikz/libraries\tikzlibra
ryshapes.multipart.code.tex
(C:\Program Files\MiKTeX\tex/generic/pgf/libraries/shapes\pgflibraryshapes.mult
ipart.code.tex)))
(C:\Program Files\MiKTeX\tex/generic/pgf/frontendlayer/tikz/libraries\tikzlibra
ryarrows.code.tex
(C:\Program Files\MiKTeX\tex/generic/pgf/libraries\pgflibraryarrows.code.tex))
(C:\Program Files\MiKTeX\tex/generic/pgf/libraries\pgflibraryarrows.meta.code.t
ex)
(C:\Program Files\MiKTeX\tex/generic/pgf/frontendlayer/tikz/libraries\tikzlibra
rypositioning.code.tex)
(C:\Program Files\MiKTeX\tex/generic/pgf/frontendlayer/tikz/libraries\tikzlibra
rycalc.code.tex)
(C:\Program Files\MiKTeX\tex/generic/pgf/frontendlayer/tikz/libraries\tikzlibra
ryfit.code.tex)
(C:\Program Files\MiKTeX\tex/generic/pgf/frontendlayer/tikz/libraries\tikzlibra
rybackgrounds.code.tex)
(C:\Program Files\MiKTeX\tex/generic/pgf/frontendlayer/tikz/libraries\tikzlibra
rydecorations.pathmorphing.code.tex
(C:\Program Files\MiKTeX\tex/generic/pgf/frontendlayer/tikz/libraries\tikzlibra
rydecorations.code.tex
(C:\Program Files\MiKTeX\tex/generic/pgf/modules\pgfmoduledecorations.code.tex)
)
(C:\Program Files\MiKTeX\tex/generic/pgf/libraries/decorations\pgflibrarydecora
tions.pathmorphing.code.tex))
(C:\Users\aymen\AppData\Roaming\MiKTeX\tex/latex/pgfgantt\pgfgantt.sty
(C:\Program Files\MiKTeX\tex/generic/pgf/frontendlayer/tikz/libraries\tikzlibra
rypatterns.code.tex
(C:\Program Files\MiKTeX\tex/generic/pgf/libraries\pgflibrarypatterns.code.tex)
) (C:\Program Files\MiKTeX\tex/latex/pgf/utilities\pgfcalendar.sty
(C:\Program Files\MiKTeX\tex/generic/pgf/utilities\pgfcalendar.code.tex)))
(C:\Users\aymen\AppData\Roaming\MiKTeX\tex/latex/pgf-umlsd\pgf-umlsd.sty
(C:\Program Files\MiKTeX\tex/generic/pgf/frontendlayer/tikz/libraries\tikzlibra
ryshadows.code.tex
(C:\Program Files\MiKTeX\tex/generic/pgf/frontendlayer/tikz/libraries\tikzlibra
ryfadings.code.tex
(C:\Program Files\MiKTeX\tex/generic/pgf/libraries\pgflibraryfadings.code.tex))
) (C:\Program Files\MiKTeX\tex/latex/base\ifthen.sty))
(C:\Program Files\MiKTeX\tex/latex/listings\listings.sty
(C:\Program Files\MiKTeX\tex/latex/listings\lstpatch.sty)
(C:\Program Files\MiKTeX\tex/latex/listings\lstmisc.sty)
(C:\Program Files\MiKTeX\tex/latex/listings\listings.cfg))
(C:\Users\aymen\AppData\Roaming\MiKTeX\tex/latex/acronym\acronym.sty
(C:\Users\aymen\AppData\Roaming\MiKTeX\tex/latex/bigfoot\suffix.sty)
(C:\Users\aymen\AppData\Roaming\MiKTeX\tex/latex/xstring\xstring.sty
(C:\Users\aymen\AppData\Roaming\MiKTeX\tex/generic/xstring\xstring.tex)))
(C:\Program Files\MiKTeX\tex/latex/biblatex\biblatex.sty
(C:\Users\aymen\AppData\Roaming\MiKTeX\tex/latex/kvoptions\kvoptions.sty
(C:\Users\aymen\AppData\Roaming\MiKTeX\tex/latex/kvsetkeys\kvsetkeys.sty))
(C:\Users\aymen\AppData\Roaming\MiKTeX\tex/latex/logreq\logreq.sty
(C:\Users\aymen\AppData\Roaming\MiKTeX\tex/latex/logreq\logreq.def))
(C:\Program Files\MiKTeX\tex/latex/url\url.sty)
(C:\Program Files\MiKTeX\tex/latex/biblatex\blx-dm.def)
(C:\Program Files\MiKTeX\tex/latex/biblatex\blx-compat.def)
(C:\Program Files\MiKTeX\tex/latex/biblatex\biblatex.def)
(C:\Program Files\MiKTeX\tex/latex/biblatex/bbx\numeric-comp.bbx
(C:\Program Files\MiKTeX\tex/latex/biblatex/bbx\numeric.bbx
(C:\Program Files\MiKTeX\tex/latex/biblatex/bbx\standard.bbx)))
(C:\Program Files\MiKTeX\tex/latex/biblatex/cbx\numeric-comp.cbx)
(C:\Program Files\MiKTeX\tex/latex/biblatex\biblatex.cfg)
(C:\Program Files\MiKTeX\tex/latex/l3kernel\expl3.sty
(C:\Program Files\MiKTeX\tex/latex/l3backend\l3backend-pdftex.def))
(C:\Program Files\MiKTeX\tex/latex/biblatex\blx-case-expl3.sty
(C:\Program Files\MiKTeX\tex/latex/l3packages/xparse\xparse.sty)))
(C:\Program Files\MiKTeX\tex/latex/hyperref\hyperref.sty
(C:\Users\aymen\AppData\Roaming\MiKTeX\tex/generic/kvdefinekeys\kvdefinekeys.st
y) (C:\Users\aymen\AppData\Roaming\MiKTeX\tex/generic/pdfescape\pdfescape.sty)
(C:\Users\aymen\AppData\Roaming\MiKTeX\tex/latex/hycolor\hycolor.sty)
(C:\Program Files\MiKTeX\tex/latex/hyperref\nameref.sty
(C:\Users\aymen\AppData\Roaming\MiKTeX\tex/latex/refcount\refcount.sty)
(C:\Users\aymen\AppData\Roaming\MiKTeX\tex/generic/gettitlestring\gettitlestrin
g.sty))
(C:\Users\aymen\AppData\Roaming\MiKTeX\tex/generic/stringenc\stringenc.sty)
(C:\Program Files\MiKTeX\tex/latex/hyperref\pd1enc.def)
(C:\Users\aymen\AppData\Roaming\MiKTeX\tex/generic/intcalc\intcalc.sty)
(C:\Program Files\MiKTeX\tex/latex/hyperref\puenc.def)
(C:\Users\aymen\AppData\Roaming\MiKTeX\tex/generic/bitset\bitset.sty
(C:\Users\aymen\AppData\Roaming\MiKTeX\tex/generic/bigintcalc\bigintcalc.sty)))
(C:\Program Files\MiKTeX\tex/latex/hyperref\hpdftex.def
(C:\Users\aymen\AppData\Roaming\MiKTeX\tex/latex/rerunfilecheck\rerunfilecheck.
sty
(C:\Users\aymen\AppData\Roaming\MiKTeX\tex/generic/uniquecounter\uniquecounter.
sty))) (esprit-style.tex)
(C:\Users\aymen\AppData\Roaming\MiKTeX\tex/latex/psnfss\t1ptm.fd) (main.aux
(validation.aux) (dedicaces.aux) (remerciements.aux) (acronymes.aux)
(introduction.aux) (chapitre1.aux) (chapitre2.aux) (chapitre3.aux)
(chapitre4.aux) (chapitre5.aux) (conclusion.aux))
*geometry* driver: auto-detecting
*geometry* detected driver: pdftex
(C:\Users\aymen\AppData\Roaming\MiKTeX\tex/latex/microtype\mt-ptm.cfg)
(C:\Program Files\MiKTeX\tex/context/base/mkii\supp-pdf.mkii
[Loading MPS to PDF converter (version 2006.09.02).]
) (C:\Program Files\MiKTeX\tex/latex/epstopdf-pkg\epstopdf-base.sty
(C:\Program Files\MiKTeX\tex/latex/00miktex\epstopdf-sys.cfg))
(C:\Users\aymen\AppData\Roaming\MiKTeX\tex/latex/caption\ltcaption.sty)
(C:\Users\aymen\AppData\Roaming\MiKTeX\tex/latex/translations/dicts\translation
s-basic-dictionary-french.trsl)
(C:\Program Files\MiKTeX\tex/latex/biblatex/lbx\french.lbx) (main.bbl)
(main.out) (main.out)
(C:\Users\aymen\AppData\Roaming\MiKTeX\tex/latex/microtype\mt-cmr.cfg)
(C:\Program Files\MiKTeX\tex/latex/amsfonts\umsa.fd)
(C:\Users\aymen\AppData\Roaming\MiKTeX\tex/latex/microtype\mt-msa.cfg)
(C:\Program Files\MiKTeX\tex/latex/amsfonts\umsb.fd)
(C:\Users\aymen\AppData\Roaming\MiKTeX\tex/latex/microtype\mt-msb.cfg) [1{C:/Us
ers/aymen/AppData/Local/MiKTeX/fonts/map/pdftex/pdftex.map}{C:/Program Files/Mi
KTeX/fonts/enc/dvips/base/8r.enc} <./images/logo_esprit.png> <./images/cni_logo
.jpg>] (validation.tex) [2] (dedicaces.tex) [3] (remerciements.tex) [4]
(main.toc [5] [6] [7]) [8] (main.lof [9]) [10] (main.lot [11]) [12]
(acronymes.tex [13]) [14] (introduction.tex) [15] (chapitre1.tex
Chapitre 1.

Overfull \hbox (36.45169pt too wide) in paragraph at lines 79--81
 [][] 

LaTeX Font Warning: Font shape `T1/ptm/m/scit' undefined
(Font)              using `T1/ptm/m/sc' instead on input line 81.


LaTeX Font Warning: Font shape `T1/ptm/m/scit' undefined
(Font)              using `T1/ptm/m/sc' instead on input line 81.

[16] (C:\Users\aymen\AppData\Roaming\MiKTeX\tex/latex/psnfss\ts1ptm.fd)
[17]

LaTeX Font Warning: Font shape `T1/ptm/m/scit' undefined
(Font)              using `T1/ptm/m/sc' instead on input line 252.


LaTeX Font Warning: Font shape `T1/ptm/m/scit' undefined
(Font)              using `T1/ptm/m/sc' instead on input line 252.

[18]

LaTeX Font Warning: Font shape `T1/ptm/m/scit' undefined
(Font)              using `T1/ptm/m/sc' instead on input line 272.


LaTeX Font Warning: Font shape `T1/ptm/m/scit' undefined
(Font)              using `T1/ptm/m/sc' instead on input line 272.

[19 <./images/polysomnogramme.png>] [20] [21]
Overfull \hbox (3.15775pt too wide) in paragraph at lines 508--508
[]|\T1/ptm/m/n/10.95 (-20) SleepTransformer [[][]13[][]]|  
[22 <./images/logos/noxturnal.png> <./images/logos/sleepware.png> <./images/log
os/profusion.png (PNG copy)> <./images/logos/sleepworks.png> <./images/logos/en
sosleep.png>] [23] [24]

LaTeX Font Warning: Font shape `T1/ptm/m/scit' undefined
(Font)              using `T1/ptm/m/sc' instead on input line 682.


LaTeX Font Warning: Font shape `T1/ptm/m/scit' undefined
(Font)              using `T1/ptm/m/sc' instead on input line 682.

) [25] (chapitre2.tex
Chapitre 2.
[26] [27]

LaTeX Font Warning: Font shape `T1/ptm/m/scit' undefined
(Font)              using `T1/ptm/m/sc' instead on input line 244.


LaTeX Font Warning: Font shape `T1/ptm/m/scit' undefined
(Font)              using `T1/ptm/m/sc' instead on input line 244.


LaTeX Font Warning: Font shape `T1/ptm/m/scit' undefined
(Font)              using `T1/ptm/m/sc' instead on input line 244.


LaTeX Font Warning: Font shape `T1/ptm/m/scit' undefined
(Font)              using `T1/ptm/m/sc' instead on input line 244.

[28]

LaTeX Font Warning: Font shape `T1/ptm/m/scit' undefined
(Font)              using `T1/ptm/m/sc' instead on input line 317.


LaTeX Font Warning: Font shape `T1/ptm/m/scit' undefined
(Font)              using `T1/ptm/m/sc' instead on input line 317.

[29] [30] [31] [32] [33] [34]

LaTeX Font Warning: Font shape `T1/ptm/m/scit' undefined
(Font)              using `T1/ptm/m/sc' instead on input line 720.


LaTeX Font Warning: Font shape `T1/ptm/m/scit' undefined
(Font)              using `T1/ptm/m/sc' instead on input line 720.

(C:\Users\aymen\AppData\Roaming\MiKTeX\tex/latex/psnfss\t1pcr.fd)
Underfull \hbox (badness 1629) in paragraph at lines 735--736
[]\T1/pcr/m/n/10 users ($[]$, email, hashed_password, role, first_name, last_na
me, 

Underfull \hbox (badness 4048) in paragraph at lines 739--740
[]\T1/pcr/m/n/10 psgs ($[]$, #patient_id, date, severity, report_data, edf_url,
 

Underfull \hbox (badness 4168) in paragraph at lines 744--745
[]\T1/pcr/m/n/10 file_conversations ($[]$, #psg_id, file_type, #doctor_one_id, 


LaTeX Font Warning: Font shape `T1/ptm/m/scit' undefined
(Font)              using `T1/ptm/m/sc' instead on input line 756.


LaTeX Font Warning: Font shape `T1/ptm/m/scit' undefined
(Font)              using `T1/ptm/m/sc' instead on input line 756.

[35] [36] [37]

LaTeX Font Warning: Font shape `T1/ptm/m/scit' undefined
(Font)              using `T1/ptm/m/sc' instead on input line 922.


LaTeX Font Warning: Font shape `T1/ptm/m/scit' undefined
(Font)              using `T1/ptm/m/sc' instead on input line 922.

[38]

LaTeX Font Warning: Font shape `T1/ptm/m/scit' undefined
(Font)              using `T1/ptm/m/sc' instead on input line 991.


LaTeX Font Warning: Font shape `T1/ptm/m/scit' undefined
(Font)              using `T1/ptm/m/sc' instead on input line 991.

[39]

LaTeX Font Warning: Font shape `T1/ptm/m/scit' undefined
(Font)              using `T1/ptm/m/sc' instead on input line 1043.


LaTeX Font Warning: Font shape `T1/ptm/m/scit' undefined
(Font)              using `T1/ptm/m/sc' instead on input line 1043.

[40 <./images/architecture.jpeg>]

LaTeX Font Warning: Font shape `T1/ptm/m/scit' undefined
(Font)              using `T1/ptm/m/sc' instead on input line 1141.


LaTeX Font Warning: Font shape `T1/ptm/m/scit' undefined
(Font)              using `T1/ptm/m/sc' instead on input line 1141.

[41] [42]

LaTeX Font Warning: Font shape `T1/ptm/m/scit' undefined
(Font)              using `T1/ptm/m/sc' instead on input line 1254.


LaTeX Font Warning: Font shape `T1/ptm/m/scit' undefined
(Font)              using `T1/ptm/m/sc' instead on input line 1254.

[43]

LaTeX Font Warning: Font shape `T1/ptm/m/scit' undefined
(Font)              using `T1/ptm/m/sc' instead on input line 1325.


LaTeX Font Warning: Font shape `T1/ptm/m/scit' undefined
(Font)              using `T1/ptm/m/sc' instead on input line 1325.

[44]) [45] (chapitre3.tex
Chapitre 3.
[46]
Overfull \vbox (8.60234pt too high) detected at line 110

Overfull \vbox (8.60234pt too high) detected at line 114

Overfull \vbox (8.60234pt too high) detected at line 123
[47]

LaTeX Font Warning: Font shape `T1/ptm/m/scit' undefined
(Font)              using `T1/ptm/m/sc' instead on input line 195.


LaTeX Font Warning: Font shape `T1/ptm/m/scit' undefined
(Font)              using `T1/ptm/m/sc' instead on input line 195.

[48] [49]

LaTeX Font Warning: Font shape `T1/ptm/m/scit' undefined
(Font)              using `T1/ptm/m/sc' instead on input line 265.


LaTeX Font Warning: Font shape `T1/ptm/m/scit' undefined
(Font)              using `T1/ptm/m/sc' instead on input line 265.

[50]
Overfull \hbox (58.7033pt too wide) in paragraph at lines 306--309
 [][] 

LaTeX Font Warning: Font shape `T1/ptm/m/scit' undefined
(Font)              using `T1/ptm/m/sc' instead on input line 309.


LaTeX Font Warning: Font shape `T1/ptm/m/scit' undefined
(Font)              using `T1/ptm/m/sc' instead on input line 309.

[51]

LaTeX Font Warning: Font shape `T1/ptm/m/scit' undefined
(Font)              using `T1/ptm/m/sc' instead on input line 448.


LaTeX Font Warning: Font shape `T1/ptm/m/scit' undefined
(Font)              using `T1/ptm/m/sc' instead on input line 448.

[52]
Overfull \vbox (8.60234pt too high) detected at line 519

Overfull \vbox (8.60234pt too high) detected at line 523

Overfull \vbox (8.60234pt too high) detected at line 527
[53]

LaTeX Font Warning: Font shape `T1/ptm/m/scit' undefined
(Font)              using `T1/ptm/m/sc' instead on input line 596.


LaTeX Font Warning: Font shape `T1/ptm/m/scit' undefined
(Font)              using `T1/ptm/m/sc' instead on input line 596.

[54]

LaTeX Font Warning: Font shape `T1/ptm/m/scit' undefined
(Font)              using `T1/ptm/m/sc' instead on input line 669.


LaTeX Font Warning: Font shape `T1/ptm/m/scit' undefined
(Font)              using `T1/ptm/m/sc' instead on input line 669.

[55]
Overfull \hbox (5.48782pt too wide) in paragraph at lines 728--731
 [][] 

LaTeX Font Warning: Font shape `T1/ptm/m/scit' undefined
(Font)              using `T1/ptm/m/sc' instead on input line 731.


LaTeX Font Warning: Font shape `T1/ptm/m/scit' undefined
(Font)              using `T1/ptm/m/sc' instead on input line 731.

[56]

LaTeX Font Warning: Font shape `T1/ptm/m/scit' undefined
(Font)              using `T1/ptm/m/sc' instead on input line 782.


LaTeX Font Warning: Font shape `T1/ptm/m/scit' undefined
(Font)              using `T1/ptm/m/sc' instead on input line 782.


LaTeX Font Warning: Font shape `T1/ptm/m/scit' undefined
(Font)              using `T1/ptm/m/sc' instead on input line 830.


LaTeX Font Warning: Font shape `T1/ptm/m/scit' undefined
(Font)              using `T1/ptm/m/sc' instead on input line 830.

[57] [58] [59]

LaTeX Font Warning: Font shape `T1/ptm/m/scit' undefined
(Font)              using `T1/ptm/m/sc' instead on input line 962.


LaTeX Font Warning: Font shape `T1/ptm/m/scit' undefined
(Font)              using `T1/ptm/m/sc' instead on input line 962.

[60 <./images/resultats/curves_CNN_5ch_3cls.png>]

LaTeX Font Warning: Font shape `T1/ptm/m/scit' undefined
(Font)              using `T1/ptm/m/sc' instead on input line 1044.


LaTeX Font Warning: Font shape `T1/ptm/m/scit' undefined
(Font)              using `T1/ptm/m/sc' instead on input line 1044.


LaTeX Font Warning: Font shape `T1/ptm/m/scit' undefined
(Font)              using `T1/ptm/m/sc' instead on input line 1091.


LaTeX Font Warning: Font shape `T1/ptm/m/scit' undefined
(Font)              using `T1/ptm/m/sc' instead on input line 1091.

[61 <./images/resultats/cm_CNN_5ch_3cls.png> <./images/resultats/cm_LSTM_5ch_3c
ls.png> <./images/resultats/cm_Transformer_5ch_3cls.png>] [62 <./images/resulta
ts/cm_CNN_5ch_5cls.png>]) [63] (chapitre4.tex
Chapitre 4.
[64]
Overfull \vbox (8.60234pt too high) detected at line 109

Overfull \vbox (8.60234pt too high) detected at line 117
[65]

LaTeX Font Warning: Font shape `T1/ptm/m/scit' undefined
(Font)              using `T1/ptm/m/sc' instead on input line 181.


LaTeX Font Warning: Font shape `T1/ptm/m/scit' undefined
(Font)              using `T1/ptm/m/sc' instead on input line 181.

[66] [67]

LaTeX Font Warning: Font shape `T1/ptm/m/scit' undefined
(Font)              using `T1/ptm/m/sc' instead on input line 250.


LaTeX Font Warning: Font shape `T1/ptm/m/scit' undefined
(Font)              using `T1/ptm/m/sc' instead on input line 250.

[68]
Overfull \hbox (5.08676pt too wide) in paragraph at lines 286--286
 [][]\T1/ptm/m/n/10.95 (-20) Concaténation 

Overfull \hbox (11.24437pt too wide) in paragraph at lines 306--310
 [][] 

LaTeX Font Warning: Font shape `T1/ptm/m/scit' undefined
(Font)              using `T1/ptm/m/sc' instead on input line 310.


LaTeX Font Warning: Font shape `T1/ptm/m/scit' undefined
(Font)              using `T1/ptm/m/sc' instead on input line 310.

[69] [70]

LaTeX Font Warning: Font shape `T1/ptm/m/scit' undefined
(Font)              using `T1/ptm/m/sc' instead on input line 377.


LaTeX Font Warning: Font shape `T1/ptm/m/scit' undefined
(Font)              using `T1/ptm/m/sc' instead on input line 377.


LaTeX Font Warning: Font shape `T1/ptm/m/scit' undefined
(Font)              using `T1/ptm/m/sc' instead on input line 386.


LaTeX Font Warning: Font shape `T1/ptm/m/scit' undefined
(Font)              using `T1/ptm/m/sc' instead on input line 386.

[71 <./images/resultats/kappa_comparison_5ch_5cls.png> <./images/resultats/cm_s
tacking_5ch_3cls.png>]

LaTeX Font Warning: Font shape `T1/ptm/m/scit' undefined
(Font)              using `T1/ptm/m/sc' instead on input line 473.


LaTeX Font Warning: Font shape `T1/ptm/m/scit' undefined
(Font)              using `T1/ptm/m/sc' instead on input line 473.


LaTeX Font Warning: Font shape `T1/ptm/m/scit' undefined
(Font)              using `T1/ptm/m/sc' instead on input line 496.


LaTeX Font Warning: Font shape `T1/ptm/m/scit' undefined
(Font)              using `T1/ptm/m/sc' instead on input line 496.

[72]

LaTeX Font Warning: Font shape `T1/ptm/m/scit' undefined
(Font)              using `T1/ptm/m/sc' instead on input line 510.


LaTeX Font Warning: Font shape `T1/ptm/m/scit' undefined
(Font)              using `T1/ptm/m/sc' instead on input line 510.


Overfull \hbox (2.22832pt too wide) in paragraph at lines 514--519
[]\T1/ptm/m/n/10 (-20) La fo-rêt aléa-toire [[][]38[][]] ob-tient le meilleur s
core ($\OT1/cmr/m/n/10 0[]558$\T1/ptm/m/n/10 (-20) ), sui-vie de près par XG-Bo
ost [[][]24[][]] ($\OT1/cmr/m/n/10 0[]552$\T1/ptm/m/n/10 (-20) ) et LightGBM [[
][]25[][]]
[73 <./images/resultats/feature_distributions.png> <./images/resultats/model_co
mparison.png>]

LaTeX Font Warning: Font shape `T1/ptm/m/scit' undefined
(Font)              using `T1/ptm/m/sc' instead on input line 600.


LaTeX Font Warning: Font shape `T1/ptm/m/scit' undefined
(Font)              using `T1/ptm/m/sc' instead on input line 600.


LaTeX Font Warning: Font shape `T1/ptm/m/scit' undefined
(Font)              using `T1/ptm/m/sc' instead on input line 613.


LaTeX Font Warning: Font shape `T1/ptm/m/scit' undefined
(Font)              using `T1/ptm/m/sc' instead on input line 613.

[74]

LaTeX Font Warning: Font shape `T1/ptm/m/scit' undefined
(Font)              using `T1/ptm/m/sc' instead on input line 690.


LaTeX Font Warning: Font shape `T1/ptm/m/scit' undefined
(Font)              using `T1/ptm/m/sc' instead on input line 690.

[75 <./images/resultats/roc_curves.png>]

LaTeX Font Warning: Font shape `T1/ptm/m/scit' undefined
(Font)              using `T1/ptm/m/sc' instead on input line 753.


LaTeX Font Warning: Font shape `T1/ptm/m/scit' undefined
(Font)              using `T1/ptm/m/sc' instead on input line 753.


LaTeX Font Warning: Font shape `T1/ptm/m/scit' undefined
(Font)              using `T1/ptm/m/sc' instead on input line 767.


LaTeX Font Warning: Font shape `T1/ptm/m/scit' undefined
(Font)              using `T1/ptm/m/sc' instead on input line 767.

[76] [77 <./images/resultats/xgb_feature_importance.png>]
Overfull \vbox (8.60234pt too high) detected at line 881

Overfull \vbox (8.60234pt too high) detected at line 889

Overfull \vbox (28.93398pt too high) detected at line 893

Overfull \hbox (5.41823pt too wide) in paragraph at lines 873--896
 [][] 
[78]

LaTeX Font Warning: Font shape `T1/ptm/m/scit' undefined
(Font)              using `T1/ptm/m/sc' instead on input line 957.


LaTeX Font Warning: Font shape `T1/ptm/m/scit' undefined
(Font)              using `T1/ptm/m/sc' instead on input line 957.

[79] [80]

LaTeX Font Warning: Font shape `T1/ptm/m/scit' undefined
(Font)              using `T1/ptm/m/sc' instead on input line 1025.


LaTeX Font Warning: Font shape `T1/ptm/m/scit' undefined
(Font)              using `T1/ptm/m/sc' instead on input line 1025.

[81]

LaTeX Font Warning: Font shape `T1/ptm/m/scit' undefined
(Font)              using `T1/ptm/m/sc' instead on input line 1066.


LaTeX Font Warning: Font shape `T1/ptm/m/scit' undefined
(Font)              using `T1/ptm/m/sc' instead on input line 1066.

[82] [83]

LaTeX Font Warning: Font shape `T1/ptm/m/scit' undefined
(Font)              using `T1/ptm/m/sc' instead on input line 1147.


LaTeX Font Warning: Font shape `T1/ptm/m/scit' undefined
(Font)              using `T1/ptm/m/sc' instead on input line 1147.

[84] [85]

LaTeX Font Warning: Font shape `T1/ptm/m/scit' undefined
(Font)              using `T1/ptm/m/sc' instead on input line 1225.


LaTeX Font Warning: Font shape `T1/ptm/m/scit' undefined
(Font)              using `T1/ptm/m/sc' instead on input line 1225.


LaTeX Font Warning: Font shape `T1/ptm/m/scit' undefined
(Font)              using `T1/ptm/m/sc' instead on input line 1227.


LaTeX Font Warning: Font shape `T1/ptm/m/scit' undefined
(Font)              using `T1/ptm/m/sc' instead on input line 1227.

[86]

LaTeX Font Warning: Font shape `T1/ptm/m/scit' undefined
(Font)              using `T1/ptm/m/sc' instead on input line 1233.


LaTeX Font Warning: Font shape `T1/ptm/m/scit' undefined
(Font)              using `T1/ptm/m/sc' instead on input line 1233.


LaTeX Font Warning: Font shape `T1/ptm/m/scit' undefined
(Font)              using `T1/ptm/m/sc' instead on input line 1241.


LaTeX Font Warning: Font shape `T1/ptm/m/scit' undefined
(Font)              using `T1/ptm/m/sc' instead on input line 1241.


LaTeX Font Warning: Font shape `T1/ptm/m/scit' undefined
(Font)              using `T1/ptm/m/sc' instead on input line 1247.


LaTeX Font Warning: Font shape `T1/ptm/m/scit' undefined
(Font)              using `T1/ptm/m/sc' instead on input line 1247.

[87] [88]) [89] (chapitre5.tex
Chapitre 5.
[90]
Overfull \vbox (8.60234pt too high) detected at line 101

Overfull \hbox (21.84319pt too wide) in paragraph at lines 93--114
 [][] 

LaTeX Font Warning: Font shape `T1/ptm/m/scit' undefined
(Font)              using `T1/ptm/m/sc' instead on input line 172.


LaTeX Font Warning: Font shape `T1/ptm/m/scit' undefined
(Font)              using `T1/ptm/m/sc' instead on input line 172.

[91] [92]

LaTeX Font Warning: Font shape `T1/ptm/m/scit' undefined
(Font)              using `T1/ptm/m/sc' instead on input line 251.


LaTeX Font Warning: Font shape `T1/ptm/m/scit' undefined
(Font)              using `T1/ptm/m/sc' instead on input line 251.

[93]

LaTeX Font Warning: Font shape `T1/ptm/m/scit' undefined
(Font)              using `T1/ptm/m/sc' instead on input line 302.


LaTeX Font Warning: Font shape `T1/ptm/m/scit' undefined
(Font)              using `T1/ptm/m/sc' instead on input line 302.


LaTeX Font Warning: Font shape `T1/ptm/m/scit' undefined
(Font)              using `T1/ptm/m/sc' instead on input line 304.


LaTeX Font Warning: Font shape `T1/ptm/m/scit' undefined
(Font)              using `T1/ptm/m/sc' instead on input line 304.

[94]

LaTeX Font Warning: Font shape `T1/ptm/m/scit' undefined
(Font)              using `T1/ptm/m/sc' instead on input line 316.


LaTeX Font Warning: Font shape `T1/ptm/m/scit' undefined
(Font)              using `T1/ptm/m/sc' instead on input line 316.

[95]
Overfull \vbox (8.60234pt too high) detected at line 382

Overfull \hbox (21.84319pt too wide) in paragraph at lines 374--397
 [][] 
[96]

LaTeX Font Warning: Font shape `T1/ptm/m/scit' undefined
(Font)              using `T1/ptm/m/sc' instead on input line 457.


LaTeX Font Warning: Font shape `T1/ptm/m/scit' undefined
(Font)              using `T1/ptm/m/sc' instead on input line 457.

[97] [98]

LaTeX Font Warning: Font shape `T1/ptm/m/scit' undefined
(Font)              using `T1/ptm/m/sc' instead on input line 535.


LaTeX Font Warning: Font shape `T1/ptm/m/scit' undefined
(Font)              using `T1/ptm/m/sc' instead on input line 535.


LaTeX Font Warning: Font shape `T1/ptm/m/scit' undefined
(Font)              using `T1/ptm/m/sc' instead on input line 548.


LaTeX Font Warning: Font shape `T1/ptm/m/scit' undefined
(Font)              using `T1/ptm/m/sc' instead on input line 548.

[99]

LaTeX Font Warning: Font shape `T1/ptm/m/scit' undefined
(Font)              using `T1/ptm/m/sc' instead on input line 572.


LaTeX Font Warning: Font shape `T1/ptm/m/scit' undefined
(Font)              using `T1/ptm/m/sc' instead on input line 572.


LaTeX Font Warning: Font shape `T1/ptm/m/scit' undefined
(Font)              using `T1/ptm/m/sc' instead on input line 581.


LaTeX Font Warning: Font shape `T1/ptm/m/scit' undefined
(Font)              using `T1/ptm/m/sc' instead on input line 581.

[100]
Overfull \hbox (39.99144pt too wide) in paragraph at lines 591--605
 [][] 
[101]

LaTeX Font Warning: Font shape `T1/ptm/m/scit' undefined
(Font)              using `T1/ptm/m/sc' instead on input line 659.


LaTeX Font Warning: Font shape `T1/ptm/m/scit' undefined
(Font)              using `T1/ptm/m/sc' instead on input line 659.

[102] [103] [104]) [105] (conclusion.tex

Package hyperref Warning: The anchor of a bookmark and its parent's must not
(hyperref)                be the same. Added a new anchor on input line 7.

[106] [107]) [108] [109]
Overfull \hbox (3.03296pt too wide) in paragraph at lines 235--235
[]\T1/ptm/m/n/12 (-20) A. []\T1/ptm/m/sc/12 (-20) Paszke[]\T1/ptm/m/n/12 (-20) 
, S. []\T1/ptm/m/sc/12 (-20) Gross[]\T1/ptm/m/n/12 (-20) , F. []\T1/ptm/m/sc/12
 (-20) Massa []\T1/ptm/m/n/12 (-20) et al. ^^S   Py-Torch : An Im-pe-ra-tive St
yle, High-Performance
[110] [111] [112] (main.aux (validation.aux) (dedicaces.aux) (remerciements.aux
) (acronymes.aux) (introduction.aux) (chapitre1.aux) (chapitre2.aux)
(chapitre3.aux) (chapitre4.aux) (chapitre5.aux) (conclusion.aux)) )
(see the transcript file for additional information)<C:/Program Files/MiKTeX/fo
nts/type1/public/amsfonts/cm/cmbx10.pfb><C:/Program Files/MiKTeX/fonts/type1/pu
blic/amsfonts/cm/cmex10.pfb><C:/Program Files/MiKTeX/fonts/type1/public/amsfont
s/cmextra/cmex7.pfb><C:/Program Files/MiKTeX/fonts/type1/public/amsfonts/cm/cmm
i10.pfb><C:/Program Files/MiKTeX/fonts/type1/public/amsfonts/cm/cmmi5.pfb><C:/P
rogram Files/MiKTeX/fonts/type1/public/amsfonts/cm/cmmi6.pfb><C:/Program Files/
MiKTeX/fonts/type1/public/amsfonts/cm/cmmi7.pfb><C:/Program Files/MiKTeX/fonts/
type1/public/amsfonts/cm/cmmi8.pfb><C:/Program Files/MiKTeX/fonts/type1/public/
amsfonts/cm/cmmib10.pfb><C:/Program Files/MiKTeX/fonts/type1/public/amsfonts/cm
/cmr10.pfb><C:/Program Files/MiKTeX/fonts/type1/public/amsfonts/cm/cmr5.pfb><C:
/Program Files/MiKTeX/fonts/type1/public/amsfonts/cm/cmr6.pfb><C:/Program Files
/MiKTeX/fonts/type1/public/amsfonts/cm/cmr7.pfb><C:/Program Files/MiKTeX/fonts/
type1/public/amsfonts/cm/cmr8.pfb><C:/Program Files/MiKTeX/fonts/type1/public/a
msfonts/cm/cmsy10.pfb><C:/Program Files/MiKTeX/fonts/type1/public/amsfonts/cm/c
msy6.pfb><C:/Program Files/MiKTeX/fonts/type1/public/amsfonts/cm/cmsy7.pfb><C:/
Program Files/MiKTeX/fonts/type1/public/amsfonts/cm/cmsy8.pfb><C:/Program Files
/MiKTeX/fonts/type1/public/amsfonts/symbols/msam10.pfb><C:/Program Files/MiKTeX
/fonts/type1/urw/courier/ucrr8a.pfb><C:/Program Files/MiKTeX/fonts/type1/urw/co
urier/ucrro8a.pfb><C:/Program Files/MiKTeX/fonts/type1/urw/times/utmb8a.pfb><C:
/Program Files/MiKTeX/fonts/type1/urw/times/utmbi8a.pfb><C:/Program Files/MiKTe
X/fonts/type1/urw/times/utmr8a.pfb><C:/Program Files/MiKTeX/fonts/type1/urw/tim
es/utmri8a.pfb>
Output written on main.pdf (112 pages, 2036136 bytes).
Transcript written on main.log.
Latexmk: Getting log file 'main.log'
Latexmk: Examining 'main.fls'
Latexmk: Examining 'main.log'
Latexmk: Found input bbl file 'main.bbl'
Latexmk: Log file says output to 'main.pdf'
Latexmk: Using biber to make bibliography file(s).
Latexmk: Bibliography file(s) from .bcf file:
  references.bib
Sources for biber
  references.bib
  main.bcf
Latexmk: All targets (main.pdf) are up-to-date

