\BOOKMARK [0][-]{chapter*.2}{\376\377\000D\000\351\000d\000i\000c\000a\000c\000e\000s}{}% 1
\BOOKMARK [0][-]{chapter*.3}{\376\377\000R\000e\000m\000e\000r\000c\000i\000e\000m\000e\000n\000t\000s}{}% 2
\BOOKMARK [0][-]{chapter*.7}{\376\377\000L\000i\000s\000t\000e\000\040\000d\000e\000s\000\040\000a\000c\000r\000o\000n\000y\000m\000e\000s}{}% 3
\BOOKMARK [0][-]{chapter*.8}{\376\377\000I\000n\000t\000r\000o\000d\000u\000c\000t\000i\000o\000n\000\040\000g\000\351\000n\000\351\000r\000a\000l\000e}{}% 4
\BOOKMARK [0][-]{chapter.1}{\376\377\000P\000r\000\351\000s\000e\000n\000t\000a\000t\000i\000o\000n\000\040\000g\000\351\000n\000\351\000r\000a\000l\000e}{}% 5
\BOOKMARK [1][-]{section.1.1}{\376\377\000C\000a\000d\000r\000e\000\040\000g\000\351\000n\000\351\000r\000a\000l\000\040\000d\000u\000\040\000s\000t\000a\000g\000e}{chapter.1}% 6
\BOOKMARK [1][-]{section.1.2}{\376\377\000P\000r\000\351\000s\000e\000n\000t\000a\000t\000i\000o\000n\000\040\000d\000e\000\040\000l\000'\000o\000r\000g\000a\000n\000i\000s\000m\000e\000\040\000d\000'\000a\000c\000c\000u\000e\000i\000l}{chapter.1}% 7
\BOOKMARK [2][-]{subsection.1.2.1}{\376\377\000L\000e\000\040\000C\000e\000n\000t\000r\000e\000\040\000N\000a\000t\000i\000o\000n\000a\000l\000\040\000d\000e\000\040\000l\000'\000I\000n\000f\000o\000r\000m\000a\000t\000i\000q\000u\000e}{section.1.2}% 8
\BOOKMARK [2][-]{subsection.1.2.2}{\376\377\000S\000e\000r\000v\000i\000c\000e\000s\000\040\000p\000r\000o\000p\000o\000s\000\351\000s\000\040\000p\000a\000r\000\040\000l\000e\000\040\000C\000N\000I}{section.1.2}% 9
\BOOKMARK [2][-]{subsection.1.2.3}{\376\377\000I\000n\000t\000\351\000g\000r\000a\000t\000i\000o\000n\000\040\000d\000u\000\040\000p\000r\000o\000j\000e\000t\000\040\000a\000u\000\040\000s\000e\000i\000n\000\040\000d\000u\000\040\000C\000N\000I}{section.1.2}% 10
\BOOKMARK [1][-]{section.1.3}{\376\377\000P\000r\000\351\000s\000e\000n\000t\000a\000t\000i\000o\000n\000\040\000d\000u\000\040\000p\000r\000o\000j\000e\000t}{chapter.1}% 11
\BOOKMARK [2][-]{subsection.1.3.1}{\376\377\000L\000e\000\040\000s\000o\000m\000m\000e\000i\000l\000\040\000e\000t\000\040\000s\000a\000\040\000s\000t\000r\000u\000c\000t\000u\000r\000e}{section.1.3}% 12
\BOOKMARK [2][-]{subsection.1.3.2}{\376\377\000L\000a\000\040\000p\000o\000l\000y\000s\000o\000m\000n\000o\000g\000r\000a\000p\000h\000i\000e}{section.1.3}% 13
\BOOKMARK [2][-]{subsection.1.3.3}{\376\377\000L\000e\000\040\000s\000y\000n\000d\000r\000o\000m\000e\000\040\000d\000'\000a\000p\000n\000\351\000e\000s\000\040\000o\000b\000s\000t\000r\000u\000c\000t\000i\000v\000e\000s\000\040\000d\000u\000\040\000s\000o\000m\000m\000e\000i\000l}{section.1.3}% 14
\BOOKMARK [2][-]{subsection.1.3.4}{\376\377\000O\000b\000j\000e\000c\000t\000i\000f\000\040\000g\000\351\000n\000\351\000r\000a\000l\000\040\000d\000u\000\040\000p\000r\000o\000j\000e\000t}{section.1.3}% 15
\BOOKMARK [2][-]{subsection.1.3.5}{\376\377\000P\000r\000o\000b\000l\000\351\000m\000a\000t\000i\000q\000u\000e}{section.1.3}% 16
\BOOKMARK [3][-]{subsubsection.1.3.5.1}{\376\377\000L\000e\000\040\000c\000o\000\373\000t\000\040\000d\000u\000\040\000s\000c\000o\000r\000a\000g\000e\000\040\000m\000a\000n\000u\000e\000l}{subsection.1.3.5}% 17
\BOOKMARK [3][-]{subsubsection.1.3.5.2}{\376\377\000L\000a\000\040\000v\000a\000r\000i\000a\000b\000i\000l\000i\000t\000\351\000\040\000i\000n\000t\000e\000r\000-\000s\000c\000o\000r\000e\000u\000r}{subsection.1.3.5}% 18
\BOOKMARK [3][-]{subsubsection.1.3.5.3}{\376\377\000L\000'\000o\000p\000a\000c\000i\000t\000\351\000\040\000d\000e\000s\000\040\000m\000o\000d\000\350\000l\000e\000s\000\040\000d\000'\000a\000p\000p\000r\000e\000n\000t\000i\000s\000s\000a\000g\000e\000\040\000p\000r\000o\000f\000o\000n\000d}{subsection.1.3.5}% 19
\BOOKMARK [1][-]{section.1.4}{\376\377\000\311\000t\000u\000d\000e\000\040\000p\000r\000\351\000a\000l\000a\000b\000l\000e}{chapter.1}% 20
\BOOKMARK [2][-]{subsection.1.4.1}{\376\377\000\311\000t\000u\000d\000e\000\040\000d\000e\000\040\000l\000'\000e\000x\000i\000s\000t\000a\000n\000t}{section.1.4}% 21
\BOOKMARK [3][-]{subsubsection.1.4.1.1}{\376\377\000L\000e\000s\000\040\000s\000o\000l\000u\000t\000i\000o\000n\000s\000\040\000c\000o\000m\000m\000e\000r\000c\000i\000a\000l\000e\000s}{subsection.1.4.1}% 22
\BOOKMARK [3][-]{subsubsection.1.4.1.2}{\376\377\000L\000e\000s\000\040\000t\000r\000a\000v\000a\000u\000x\000\040\000a\000c\000a\000d\000\351\000m\000i\000q\000u\000e\000s}{subsection.1.4.1}% 23
\BOOKMARK [2][-]{subsection.1.4.2}{\376\377\000C\000r\000i\000t\000i\000q\000u\000e\000\040\000d\000e\000\040\000l\000'\000e\000x\000i\000s\000t\000a\000n\000t}{section.1.4}% 24
\BOOKMARK [2][-]{subsection.1.4.3}{\376\377\000S\000o\000l\000u\000t\000i\000o\000n\000\040\000p\000r\000o\000p\000o\000s\000\351\000e}{section.1.4}% 25
\BOOKMARK [1][-]{section.1.5}{\376\377\000M\000\351\000t\000h\000o\000d\000o\000l\000o\000g\000i\000e\000\040\000d\000e\000\040\000t\000r\000a\000v\000a\000i\000l}{chapter.1}% 26
\BOOKMARK [2][-]{subsection.1.5.1}{\376\377\000C\000h\000o\000i\000x\000\040\000d\000u\000\040\000c\000a\000d\000r\000e\000\040\000S\000c\000r\000u\000m}{section.1.5}% 27
\BOOKMARK [2][-]{subsection.1.5.2}{\376\377\000L\000e\000s\000\040\000r\000\364\000l\000e\000s\000\040\000d\000a\000n\000s\000\040\000l\000a\000\040\000m\000\351\000t\000h\000o\000d\000o\000l\000o\000g\000i\000e\000\040\000S\000c\000r\000u\000m}{section.1.5}% 28
\BOOKMARK [2][-]{subsection.1.5.3}{\376\377\000A\000d\000a\000p\000t\000a\000t\000i\000o\000n\000\040\000a\000u\000\040\000p\000r\000o\000j\000e\000t}{section.1.5}% 29
\BOOKMARK [2][-]{subsection.1.5.4}{\376\377\000O\000r\000g\000a\000n\000i\000s\000a\000t\000i\000o\000n\000\040\000e\000n\000\040\000r\000e\000l\000e\000a\000s\000e\000s}{section.1.5}% 30
\BOOKMARK [0][-]{chapter.2}{\376\377\000A\000n\000a\000l\000y\000s\000e\000\040\000e\000t\000\040\000s\000p\000\351\000c\000i\000f\000i\000c\000a\000t\000i\000o\000n\000\040\000d\000e\000s\000\040\000b\000e\000s\000o\000i\000n\000s}{}% 31
\BOOKMARK [1][-]{section.2.1}{\376\377\000I\000d\000e\000n\000t\000i\000f\000i\000c\000a\000t\000i\000o\000n\000\040\000d\000e\000s\000\040\000a\000c\000t\000e\000u\000r\000s}{chapter.2}% 32
\BOOKMARK [1][-]{section.2.2}{\376\377\000\311\000t\000u\000d\000e\000\040\000d\000e\000s\000\040\000b\000e\000s\000o\000i\000n\000s}{chapter.2}% 33
\BOOKMARK [2][-]{subsection.2.2.1}{\376\377\000L\000e\000s\000\040\000b\000e\000s\000o\000i\000n\000s\000\040\000f\000o\000n\000c\000t\000i\000o\000n\000n\000e\000l\000s}{section.2.2}% 34
\BOOKMARK [2][-]{subsection.2.2.2}{\376\377\000L\000e\000s\000\040\000b\000e\000s\000o\000i\000n\000s\000\040\000n\000o\000n\000\040\000f\000o\000n\000c\000t\000i\000o\000n\000n\000e\000l\000s}{section.2.2}% 35
\BOOKMARK [1][-]{section.2.3}{\376\377\000D\000i\000a\000g\000r\000a\000m\000m\000e\000\040\000d\000e\000\040\000c\000a\000s\000\040\000d\000'\000u\000t\000i\000l\000i\000s\000a\000t\000i\000o\000n\000\040\000g\000l\000o\000b\000a\000l}{chapter.2}% 36
\BOOKMARK [1][-]{section.2.4}{\376\377\000B\000a\000c\000k\000l\000o\000g\000\040\000d\000u\000\040\000p\000r\000o\000d\000u\000i\000t}{chapter.2}% 37
\BOOKMARK [1][-]{section.2.5}{\376\377\000D\000i\000a\000g\000r\000a\000m\000m\000e\000\040\000d\000e\000\040\000c\000l\000a\000s\000s\000e\000s}{chapter.2}% 38
\BOOKMARK [1][-]{section.2.6}{\376\377\000E\000n\000v\000i\000r\000o\000n\000n\000e\000m\000e\000n\000t\000\040\000d\000e\000\040\000t\000r\000a\000v\000a\000i\000l}{chapter.2}% 39
\BOOKMARK [2][-]{subsection.2.6.1}{\376\377\000F\000r\000a\000m\000e\000w\000o\000r\000k\000s\000\040\000e\000t\000\040\000l\000a\000n\000g\000a\000g\000e\000s\000\040\000u\000t\000i\000l\000i\000s\000\351\000s}{section.2.6}% 40
\BOOKMARK [2][-]{subsection.2.6.2}{\376\377\000E\000n\000v\000i\000r\000o\000n\000n\000e\000m\000e\000n\000t\000\040\000l\000o\000g\000i\000c\000i\000e\000l}{section.2.6}% 41
\BOOKMARK [2][-]{subsection.2.6.3}{\376\377\000E\000n\000v\000i\000r\000o\000n\000n\000e\000m\000e\000n\000t\000\040\000m\000a\000t\000\351\000r\000i\000e\000l}{section.2.6}% 42
\BOOKMARK [1][-]{section.2.7}{\376\377\000A\000r\000c\000h\000i\000t\000e\000c\000t\000u\000r\000e\000\040\000g\000l\000o\000b\000a\000l\000e}{chapter.2}% 43
\BOOKMARK [2][-]{subsection.2.7.1}{\376\377\000A\000r\000c\000h\000i\000t\000e\000c\000t\000u\000r\000e\000\040\000l\000o\000g\000i\000q\000u\000e}{section.2.7}% 44
\BOOKMARK [2][-]{subsection.2.7.2}{\376\377\000A\000r\000c\000h\000i\000t\000e\000c\000t\000u\000r\000e\000\040\000f\000o\000n\000c\000t\000i\000o\000n\000n\000e\000l\000l\000e\000\040\000d\000u\000\040\000p\000i\000p\000e\000l\000i\000n\000e\000\040\000d\000'\000a\000n\000a\000l\000y\000s\000e}{section.2.7}% 45
\BOOKMARK [2][-]{subsection.2.7.3}{\376\377\000A\000r\000c\000h\000i\000t\000e\000c\000t\000u\000r\000e\000\040\000p\000h\000y\000s\000i\000q\000u\000e}{section.2.7}% 46
\BOOKMARK [1][-]{section.2.8}{\376\377\000P\000l\000a\000n\000i\000f\000i\000c\000a\000t\000i\000o\000n\000\040\000d\000e\000s\000\040\000r\000e\000l\000e\000a\000s\000e\000s}{chapter.2}% 47
\BOOKMARK [2][-]{subsection.2.8.1}{\376\377\000D\000\351\000c\000o\000u\000p\000a\000g\000e\000\040\000e\000n\000\040\000r\000e\000l\000e\000a\000s\000e\000s}{section.2.8}% 48
\BOOKMARK [2][-]{subsection.2.8.2}{\376\377\000D\000\351\000c\000o\000u\000p\000a\000g\000e\000\040\000e\000n\000\040\000s\000p\000r\000i\000n\000t\000s}{section.2.8}% 49
\BOOKMARK [2][-]{subsection.2.8.3}{\376\377\000V\000\351\000l\000o\000c\000i\000t\000\351}{section.2.8}% 50
\BOOKMARK [2][-]{subsection.2.8.4}{\376\377\000P\000l\000a\000n\000n\000i\000n\000g}{section.2.8}% 51
\BOOKMARK [0][-]{chapter.3}{\376\377\000R\000e\000l\000e\000a\000s\000e\000\040\0001\000\040\000:\000\040\000M\000o\000t\000e\000u\000r\000\040\000d\000e\000\040\000c\000l\000a\000s\000s\000i\000f\000i\000c\000a\000t\000i\000o\000n\000\040\000d\000e\000s\000\040\000s\000t\000a\000d\000e\000s}{}% 52
\BOOKMARK [1][-]{section.3.1}{\376\377\000P\000r\000\351\000s\000e\000n\000t\000a\000t\000i\000o\000n\000\040\000d\000e\000\040\000l\000a\000\040\000r\000e\000l\000e\000a\000s\000e}{chapter.3}% 53
\BOOKMARK [2][-]{subsection.3.1.1}{\376\377\000O\000b\000j\000e\000c\000t\000i\000f\000\040\000d\000e\000\040\000l\000a\000\040\000r\000e\000l\000e\000a\000s\000e}{section.3.1}% 54
\BOOKMARK [2][-]{subsection.3.1.2}{\376\377\000B\000a\000c\000k\000l\000o\000g\000\040\000d\000e\000\040\000l\000a\000\040\000r\000e\000l\000e\000a\000s\000e}{section.3.1}% 55
\BOOKMARK [1][-]{section.3.2}{\376\377\000S\000p\000r\000i\000n\000t\000\040\0001\000\040\000:\000\040\000P\000r\000\351\000p\000a\000r\000a\000t\000i\000o\000n\000\040\000d\000e\000s\000\040\000d\000o\000n\000n\000\351\000e\000s\000\040\000e\000t\000\040\000a\000m\000o\000r\000\347\000a\000g\000e}{chapter.3}% 56
\BOOKMARK [2][-]{subsection.3.2.1}{\376\377\000O\000b\000j\000e\000c\000t\000i\000f\000\040\000d\000u\000\040\000s\000p\000r\000i\000n\000t}{section.3.2}% 57
\BOOKMARK [2][-]{subsection.3.2.2}{\376\377\000S\000p\000r\000i\000n\000t\000\040\000B\000a\000c\000k\000l\000o\000g}{section.3.2}% 58
\BOOKMARK [2][-]{subsection.3.2.3}{\376\377\000A\000n\000a\000l\000y\000s\000e}{section.3.2}% 59
\BOOKMARK [3][-]{subsubsection.3.2.3.1}{\376\377\000D\000i\000a\000g\000r\000a\000m\000m\000e\000\040\000d\000e\000s\000\040\000c\000a\000s\000\040\000d\000'\000u\000t\000i\000l\000i\000s\000a\000t\000i\000o\000n}{subsection.3.2.3}% 60
\BOOKMARK [3][-]{subsubsection.3.2.3.2}{\376\377\000D\000e\000s\000c\000r\000i\000p\000t\000i\000o\000n\000\040\000t\000e\000x\000t\000u\000e\000l\000l\000e\000\040\000d\000e\000s\000\040\000c\000a\000s\000\040\000d\000'\000u\000t\000i\000l\000i\000s\000a\000t\000i\000o\000n}{subsection.3.2.3}% 61
\BOOKMARK [2][-]{subsection.3.2.4}{\376\377\000C\000o\000n\000c\000e\000p\000t\000i\000o\000n}{section.3.2}% 62
\BOOKMARK [3][-]{subsubsection.3.2.4.1}{\376\377\000D\000i\000a\000g\000r\000a\000m\000m\000e\000\040\000d\000e\000\040\000s\000\351\000q\000u\000e\000n\000c\000e\000\040\000o\000b\000j\000e\000t}{subsection.3.2.4}% 63
\BOOKMARK [2][-]{subsection.3.2.5}{\376\377\000R\000\351\000a\000l\000i\000s\000a\000t\000i\000o\000n}{section.3.2}% 64
\BOOKMARK [3][-]{subsubsection.3.2.5.1}{\376\377\000L\000a\000\040\000c\000h\000a\000\356\000n\000e\000\040\000d\000e\000\040\000p\000r\000\351\000p\000a\000r\000a\000t\000i\000o\000n}{subsection.3.2.5}% 65
\BOOKMARK [3][-]{subsubsection.3.2.5.2}{\376\377\000L\000e\000\040\000c\000o\000r\000p\000u\000s\000\040\000p\000r\000o\000d\000u\000i\000t}{subsection.3.2.5}% 66
\BOOKMARK [3][-]{subsubsection.3.2.5.3}{\376\377\000D\000\351\000c\000o\000u\000p\000a\000g\000e\000\040\000e\000t\000\040\000p\000o\000n\000d\000\351\000r\000a\000t\000i\000o\000n}{subsection.3.2.5}% 67
\BOOKMARK [2][-]{subsection.3.2.6}{\376\377\000R\000e\000v\000u\000e\000\040\000d\000u\000\040\000s\000p\000r\000i\000n\000t}{section.3.2}% 68
\BOOKMARK [1][-]{section.3.3}{\376\377\000S\000p\000r\000i\000n\000t\000\040\0002\000\040\000:\000\040\000M\000o\000d\000\350\000l\000e\000s\000\040\000d\000e\000\040\000c\000l\000a\000s\000s\000i\000f\000i\000c\000a\000t\000i\000o\000n\000\040\000d\000e\000s\000\040\000s\000t\000a\000d\000e\000s}{chapter.3}% 69
\BOOKMARK [2][-]{subsection.3.3.1}{\376\377\000O\000b\000j\000e\000c\000t\000i\000f\000\040\000d\000u\000\040\000s\000p\000r\000i\000n\000t}{section.3.3}% 70
\BOOKMARK [2][-]{subsection.3.3.2}{\376\377\000S\000p\000r\000i\000n\000t\000\040\000B\000a\000c\000k\000l\000o\000g}{section.3.3}% 71
\BOOKMARK [2][-]{subsection.3.3.3}{\376\377\000A\000n\000a\000l\000y\000s\000e}{section.3.3}% 72
\BOOKMARK [3][-]{subsubsection.3.3.3.1}{\376\377\000D\000i\000a\000g\000r\000a\000m\000m\000e\000\040\000d\000e\000s\000\040\000c\000a\000s\000\040\000d\000'\000u\000t\000i\000l\000i\000s\000a\000t\000i\000o\000n}{subsection.3.3.3}% 73
\BOOKMARK [3][-]{subsubsection.3.3.3.2}{\376\377\000D\000e\000s\000c\000r\000i\000p\000t\000i\000o\000n\000\040\000t\000e\000x\000t\000u\000e\000l\000l\000e\000\040\000d\000e\000s\000\040\000c\000a\000s\000\040\000d\000'\000u\000t\000i\000l\000i\000s\000a\000t\000i\000o\000n}{subsection.3.3.3}% 74
\BOOKMARK [2][-]{subsection.3.3.4}{\376\377\000C\000o\000n\000c\000e\000p\000t\000i\000o\000n}{section.3.3}% 75
\BOOKMARK [3][-]{subsubsection.3.3.4.1}{\376\377\000D\000i\000a\000g\000r\000a\000m\000m\000e\000\040\000d\000e\000\040\000s\000\351\000q\000u\000e\000n\000c\000e\000\040\000o\000b\000j\000e\000t}{subsection.3.3.4}% 76
\BOOKMARK [3][-]{subsubsection.3.3.4.2}{\376\377\000R\000\351\000s\000e\000a\000u\000\040\000c\000o\000n\000v\000o\000l\000u\000t\000i\000f\000\040\000m\000u\000l\000t\000i\000-\000\351\000c\000h\000e\000l\000l\000e}{subsection.3.3.4}% 77
\BOOKMARK [3][-]{subsubsection.3.3.4.3}{\376\377\000R\000\351\000s\000e\000a\000u\000\040\000r\000\351\000c\000u\000r\000r\000e\000n\000t\000\040\000\340\000\040\000p\000o\000o\000l\000i\000n\000g\000\040\000a\000t\000t\000e\000n\000t\000i\000o\000n\000n\000e\000l}{subsection.3.3.4}% 78
\BOOKMARK [3][-]{subsubsection.3.3.4.4}{\376\377\000R\000\351\000s\000e\000a\000u\000\040\000a\000t\000t\000e\000n\000t\000i\000o\000n\000n\000e\000l\000\040\000p\000a\000r\000\040\000p\000a\000t\000c\000h\000s}{subsection.3.3.4}% 79
\BOOKMARK [2][-]{subsection.3.3.5}{\376\377\000R\000\351\000a\000l\000i\000s\000a\000t\000i\000o\000n}{section.3.3}% 80
\BOOKMARK [3][-]{subsubsection.3.3.5.1}{\376\377\000S\000t\000r\000a\000t\000\351\000g\000i\000e\000\040\000d\000'\000e\000n\000t\000r\000a\000\356\000n\000e\000m\000e\000n\000t\000\040\000s\000o\000u\000s\000\040\000c\000o\000n\000t\000r\000a\000i\000n\000t\000e\000\040\000m\000a\000t\000\351\000r\000i\000e\000l\000l\000e}{subsection.3.3.5}% 81
\BOOKMARK [3][-]{subsubsection.3.3.5.2}{\376\377\000R\000\351\000s\000u\000l\000t\000a\000t\000s}{subsection.3.3.5}% 82
\BOOKMARK [2][-]{subsection.3.3.6}{\376\377\000R\000e\000v\000u\000e\000\040\000d\000u\000\040\000s\000p\000r\000i\000n\000t}{section.3.3}% 83
\BOOKMARK [1][-]{section.3.4}{\376\377\000R\000e\000v\000u\000e\000\040\000d\000e\000\040\000l\000a\000\040\000r\000e\000l\000e\000a\000s\000e\000\040\0001}{chapter.3}% 84
\BOOKMARK [2][-]{subsection.3.4.1}{\376\377\000I\000n\000c\000r\000\351\000m\000e\000n\000t\000\040\000l\000i\000v\000r\000\351}{section.3.4}% 85
\BOOKMARK [2][-]{subsection.3.4.2}{\376\377\000R\000\351\000t\000r\000o\000s\000p\000e\000c\000t\000i\000v\000e}{section.3.4}% 86
\BOOKMARK [0][-]{chapter.4}{\376\377\000R\000e\000l\000e\000a\000s\000e\000\040\0002\000\040\000:\000\040\000D\000i\000a\000g\000n\000o\000s\000t\000i\000c\000\040\000e\000x\000p\000l\000i\000q\000u\000\351\000\040\000e\000t\000\040\000p\000o\000s\000t\000e\000\040\000d\000e\000\040\000t\000r\000a\000v\000a\000i\000l}{}% 87
\BOOKMARK [1][-]{section.4.1}{\376\377\000P\000r\000\351\000s\000e\000n\000t\000a\000t\000i\000o\000n\000\040\000d\000e\000\040\000l\000a\000\040\000r\000e\000l\000e\000a\000s\000e}{chapter.4}% 88
\BOOKMARK [2][-]{subsection.4.1.1}{\376\377\000O\000b\000j\000e\000c\000t\000i\000f\000\040\000d\000e\000\040\000l\000a\000\040\000r\000e\000l\000e\000a\000s\000e}{section.4.1}% 89
\BOOKMARK [2][-]{subsection.4.1.2}{\376\377\000B\000a\000c\000k\000l\000o\000g\000\040\000d\000e\000\040\000l\000a\000\040\000r\000e\000l\000e\000a\000s\000e}{section.4.1}% 90
\BOOKMARK [1][-]{section.4.2}{\376\377\000S\000p\000r\000i\000n\000t\000\040\0003\000\040\000:\000\040\000E\000n\000s\000e\000m\000b\000l\000e\000s\000\040\000e\000t\000\040\000p\000r\000\351\000d\000i\000c\000t\000i\000o\000n\000\040\000d\000e\000\040\000l\000a\000\040\000s\000\351\000v\000\351\000r\000i\000t\000\351}{chapter.4}% 91
\BOOKMARK [2][-]{subsection.4.2.1}{\376\377\000O\000b\000j\000e\000c\000t\000i\000f\000\040\000d\000u\000\040\000s\000p\000r\000i\000n\000t}{section.4.2}% 92
\BOOKMARK [2][-]{subsection.4.2.2}{\376\377\000S\000p\000r\000i\000n\000t\000\040\000B\000a\000c\000k\000l\000o\000g}{section.4.2}% 93
\BOOKMARK [2][-]{subsection.4.2.3}{\376\377\000A\000n\000a\000l\000y\000s\000e}{section.4.2}% 94
\BOOKMARK [3][-]{subsubsection.4.2.3.1}{\376\377\000D\000i\000a\000g\000r\000a\000m\000m\000e\000\040\000d\000e\000s\000\040\000c\000a\000s\000\040\000d\000'\000u\000t\000i\000l\000i\000s\000a\000t\000i\000o\000n}{subsection.4.2.3}% 95
\BOOKMARK [3][-]{subsubsection.4.2.3.2}{\376\377\000D\000e\000s\000c\000r\000i\000p\000t\000i\000o\000n\000\040\000t\000e\000x\000t\000u\000e\000l\000l\000e\000\040\000d\000e\000s\000\040\000c\000a\000s\000\040\000d\000'\000u\000t\000i\000l\000i\000s\000a\000t\000i\000o\000n}{subsection.4.2.3}% 96
\BOOKMARK [2][-]{subsection.4.2.4}{\376\377\000C\000o\000n\000c\000e\000p\000t\000i\000o\000n}{section.4.2}% 97
\BOOKMARK [3][-]{subsubsection.4.2.4.1}{\376\377\000D\000i\000a\000g\000r\000a\000m\000m\000e\000\040\000d\000e\000\040\000s\000\351\000q\000u\000e\000n\000c\000e\000\040\000o\000b\000j\000e\000t}{subsection.4.2.4}% 98
\BOOKMARK [2][-]{subsection.4.2.5}{\376\377\000R\000\351\000a\000l\000i\000s\000a\000t\000i\000o\000n}{section.4.2}% 99
\BOOKMARK [3][-]{subsubsection.4.2.5.1}{\376\377\000C\000o\000m\000b\000i\000n\000a\000i\000s\000o\000n\000\040\000d\000e\000s\000\040\000m\000o\000d\000\350\000l\000e\000s\000\040\000p\000a\000r\000\040\000e\000m\000p\000i\000l\000e\000m\000e\000n\000t}{subsection.4.2.5}% 100
\BOOKMARK [3][-]{subsubsection.4.2.5.2}{\376\377\000P\000r\000\351\000d\000i\000c\000t\000i\000o\000n\000\040\000d\000e\000\040\000l\000a\000\040\000s\000\351\000v\000\351\000r\000i\000t\000\351\000\040\000d\000u\000\040\000s\000y\000n\000d\000r\000o\000m\000e\000\040\000d\000'\000a\000p\000n\000\351\000e\000s}{subsection.4.2.5}% 101
\BOOKMARK [3][-]{subsubsection.4.2.5.3}{\376\377\000E\000x\000p\000l\000i\000c\000a\000b\000i\000l\000i\000t\000\351\000\040\000d\000e\000s\000\040\000p\000r\000\351\000d\000i\000c\000t\000i\000o\000n\000s}{subsection.4.2.5}% 102
\BOOKMARK [3][-]{subsubsection.4.2.5.4}{\376\377\000S\000y\000n\000t\000h\000\350\000s\000e\000\040\000m\000\351\000t\000h\000o\000d\000o\000l\000o\000g\000i\000q\000u\000e}{subsection.4.2.5}% 103
\BOOKMARK [2][-]{subsection.4.2.6}{\376\377\000R\000e\000v\000u\000e\000\040\000d\000u\000\040\000s\000p\000r\000i\000n\000t}{section.4.2}% 104
\BOOKMARK [1][-]{section.4.3}{\376\377\000S\000p\000r\000i\000n\000t\000\040\0004\000\040\000:\000\040\000S\000e\000r\000v\000i\000c\000e\000\040\000d\000'\000i\000n\000f\000\351\000r\000e\000n\000c\000e\000\040\000e\000t\000\040\000p\000o\000s\000t\000e\000\040\000d\000e\000\040\000t\000r\000a\000v\000a\000i\000l}{chapter.4}% 105
\BOOKMARK [2][-]{subsection.4.3.1}{\376\377\000O\000b\000j\000e\000c\000t\000i\000f\000\040\000d\000u\000\040\000s\000p\000r\000i\000n\000t}{section.4.3}% 106
\BOOKMARK [2][-]{subsection.4.3.2}{\376\377\000S\000p\000r\000i\000n\000t\000\040\000B\000a\000c\000k\000l\000o\000g}{section.4.3}% 107
\BOOKMARK [2][-]{subsection.4.3.3}{\376\377\000A\000n\000a\000l\000y\000s\000e}{section.4.3}% 108
\BOOKMARK [3][-]{subsubsection.4.3.3.1}{\376\377\000D\000i\000a\000g\000r\000a\000m\000m\000e\000\040\000d\000e\000s\000\040\000c\000a\000s\000\040\000d\000'\000u\000t\000i\000l\000i\000s\000a\000t\000i\000o\000n}{subsection.4.3.3}% 109
\BOOKMARK [3][-]{subsubsection.4.3.3.2}{\376\377\000D\000e\000s\000c\000r\000i\000p\000t\000i\000o\000n\000\040\000t\000e\000x\000t\000u\000e\000l\000l\000e\000\040\000d\000e\000s\000\040\000c\000a\000s\000\040\000d\000'\000u\000t\000i\000l\000i\000s\000a\000t\000i\000o\000n}{subsection.4.3.3}% 110
\BOOKMARK [2][-]{subsection.4.3.4}{\376\377\000C\000o\000n\000c\000e\000p\000t\000i\000o\000n}{section.4.3}% 111
\BOOKMARK [3][-]{subsubsection.4.3.4.1}{\376\377\000D\000i\000a\000g\000r\000a\000m\000m\000e\000s\000\040\000d\000e\000\040\000s\000\351\000q\000u\000e\000n\000c\000e\000\040\000o\000b\000j\000e\000t}{subsection.4.3.4}% 112
\BOOKMARK [2][-]{subsection.4.3.5}{\376\377\000R\000\351\000a\000l\000i\000s\000a\000t\000i\000o\000n}{section.4.3}% 113
\BOOKMARK [3][-]{subsubsection.4.3.5.1}{\376\377\000O\000r\000g\000a\000n\000i\000s\000a\000t\000i\000o\000n\000\040\000d\000e\000\040\000l\000'\000i\000n\000t\000e\000r\000f\000a\000c\000e\000\040\000a\000p\000p\000l\000i\000c\000a\000t\000i\000v\000e}{subsection.4.3.5}% 114
\BOOKMARK [3][-]{subsubsection.4.3.5.2}{\376\377\000P\000o\000i\000n\000t\000s\000\040\000d\000'\000e\000n\000t\000r\000\351\000e}{subsection.4.3.5}% 115
\BOOKMARK [3][-]{subsubsection.4.3.5.3}{\376\377\000S\000\351\000c\000u\000r\000i\000t\000\351\000\040\000d\000e\000s\000\040\000a\000c\000c\000\350\000s}{subsection.4.3.5}% 116
\BOOKMARK [3][-]{subsubsection.4.3.5.4}{\376\377\000P\000o\000s\000t\000e\000\040\000d\000e\000\040\000t\000r\000a\000v\000a\000i\000l\000\040\000d\000u\000\040\000p\000r\000a\000t\000i\000c\000i\000e\000n}{subsection.4.3.5}% 117
\BOOKMARK [2][-]{subsection.4.3.6}{\376\377\000R\000e\000v\000u\000e\000\040\000d\000u\000\040\000s\000p\000r\000i\000n\000t}{section.4.3}% 118
\BOOKMARK [1][-]{section.4.4}{\376\377\000R\000e\000v\000u\000e\000\040\000d\000e\000\040\000l\000a\000\040\000r\000e\000l\000e\000a\000s\000e\000\040\0002}{chapter.4}% 119
\BOOKMARK [2][-]{subsection.4.4.1}{\376\377\000I\000n\000c\000r\000\351\000m\000e\000n\000t\000\040\000l\000i\000v\000r\000\351}{section.4.4}% 120
\BOOKMARK [2][-]{subsection.4.4.2}{\376\377\000R\000\351\000t\000r\000o\000s\000p\000e\000c\000t\000i\000v\000e}{section.4.4}% 121
\BOOKMARK [0][-]{chapter.5}{\376\377\000R\000e\000l\000e\000a\000s\000e\000\040\0003\000\040\000:\000\040\000P\000l\000a\000t\000e\000f\000o\000r\000m\000e\000\040\000c\000l\000i\000n\000i\000q\000u\000e\000\040\000e\000t\000\040\000i\000n\000d\000u\000s\000t\000r\000i\000a\000l\000i\000s\000a\000t\000i\000o\000n}{}% 122
\BOOKMARK [1][-]{section.5.1}{\376\377\000P\000r\000\351\000s\000e\000n\000t\000a\000t\000i\000o\000n\000\040\000d\000e\000\040\000l\000a\000\040\000r\000e\000l\000e\000a\000s\000e}{chapter.5}% 123
\BOOKMARK [2][-]{subsection.5.1.1}{\376\377\000O\000b\000j\000e\000c\000t\000i\000f\000\040\000d\000e\000\040\000l\000a\000\040\000r\000e\000l\000e\000a\000s\000e}{section.5.1}% 124
\BOOKMARK [2][-]{subsection.5.1.2}{\376\377\000B\000a\000c\000k\000l\000o\000g\000\040\000d\000e\000\040\000l\000a\000\040\000r\000e\000l\000e\000a\000s\000e}{section.5.1}% 125
\BOOKMARK [1][-]{section.5.2}{\376\377\000S\000p\000r\000i\000n\000t\000\040\0005\000\040\000:\000\040\000D\000o\000s\000s\000i\000e\000r\000\040\000p\000a\000t\000i\000e\000n\000t\000\040\000e\000t\000\040\000g\000o\000u\000v\000e\000r\000n\000a\000n\000c\000e}{chapter.5}% 126
\BOOKMARK [2][-]{subsection.5.2.1}{\376\377\000O\000b\000j\000e\000c\000t\000i\000f\000\040\000d\000u\000\040\000s\000p\000r\000i\000n\000t}{section.5.2}% 127
\BOOKMARK [2][-]{subsection.5.2.2}{\376\377\000S\000p\000r\000i\000n\000t\000\040\000B\000a\000c\000k\000l\000o\000g}{section.5.2}% 128
\BOOKMARK [2][-]{subsection.5.2.3}{\376\377\000A\000n\000a\000l\000y\000s\000e}{section.5.2}% 129
\BOOKMARK [3][-]{subsubsection.5.2.3.1}{\376\377\000D\000i\000a\000g\000r\000a\000m\000m\000e\000\040\000d\000e\000s\000\040\000c\000a\000s\000\040\000d\000'\000u\000t\000i\000l\000i\000s\000a\000t\000i\000o\000n}{subsection.5.2.3}% 130
\BOOKMARK [3][-]{subsubsection.5.2.3.2}{\376\377\000D\000e\000s\000c\000r\000i\000p\000t\000i\000o\000n\000\040\000t\000e\000x\000t\000u\000e\000l\000l\000e\000\040\000d\000e\000s\000\040\000c\000a\000s\000\040\000d\000'\000u\000t\000i\000l\000i\000s\000a\000t\000i\000o\000n}{subsection.5.2.3}% 131
\BOOKMARK [2][-]{subsection.5.2.4}{\376\377\000C\000o\000n\000c\000e\000p\000t\000i\000o\000n}{section.5.2}% 132
\BOOKMARK [3][-]{subsubsection.5.2.4.1}{\376\377\000D\000i\000a\000g\000r\000a\000m\000m\000e\000\040\000d\000'\000\351\000t\000a\000t\000s}{subsection.5.2.4}% 133
\BOOKMARK [2][-]{subsection.5.2.5}{\376\377\000R\000\351\000a\000l\000i\000s\000a\000t\000i\000o\000n}{section.5.2}% 134
\BOOKMARK [3][-]{subsubsection.5.2.5.1}{\376\377\000P\000e\000r\000s\000i\000s\000t\000a\000n\000c\000e\000\040\000e\000t\000\040\000c\000l\000o\000i\000s\000o\000n\000n\000e\000m\000e\000n\000t}{subsection.5.2.5}% 135
\BOOKMARK [3][-]{subsubsection.5.2.5.2}{\376\377\000A\000r\000c\000h\000i\000v\000a\000g\000e\000\040\000s\000u\000r\000\040\000s\000t\000o\000c\000k\000a\000g\000e\000\040\000o\000b\000j\000e\000t}{subsection.5.2.5}% 136
\BOOKMARK [3][-]{subsubsection.5.2.5.3}{\376\377\000A\000d\000m\000i\000n\000i\000s\000t\000r\000a\000t\000i\000o\000n\000\040\000e\000t\000\040\000c\000y\000c\000l\000e\000\040\000d\000e\000\040\000v\000i\000e\000\040\000d\000e\000s\000\040\000l\000i\000c\000e\000n\000c\000e\000s}{subsection.5.2.5}% 137
\BOOKMARK [3][-]{subsubsection.5.2.5.4}{\376\377\000T\000r\000a\000\347\000a\000b\000i\000l\000i\000t\000\351}{subsection.5.2.5}% 138
\BOOKMARK [3][-]{subsubsection.5.2.5.5}{\376\377\000L\000i\000m\000i\000t\000e\000s\000\040\000a\000u\000\040\000r\000e\000g\000a\000r\000d\000\040\000d\000u\000\040\000r\000\350\000g\000l\000e\000m\000e\000n\000t\000\040\000e\000u\000r\000o\000p\000\351\000e\000n}{subsection.5.2.5}% 139
\BOOKMARK [2][-]{subsection.5.2.6}{\376\377\000R\000e\000v\000u\000e\000\040\000d\000u\000\040\000s\000p\000r\000i\000n\000t}{section.5.2}% 140
\BOOKMARK [1][-]{section.5.3}{\376\377\000S\000p\000r\000i\000n\000t\000\040\0006\000\040\000:\000\040\000C\000o\000l\000l\000a\000b\000o\000r\000a\000t\000i\000o\000n\000,\000\040\000r\000e\000s\000t\000i\000t\000u\000t\000i\000o\000n\000\040\000e\000t\000\040\000i\000n\000d\000u\000s\000t\000r\000i\000a\000l\000i\000s\000a\000t\000i\000o\000n}{chapter.5}% 141
\BOOKMARK [2][-]{subsection.5.3.1}{\376\377\000O\000b\000j\000e\000c\000t\000i\000f\000\040\000d\000u\000\040\000s\000p\000r\000i\000n\000t}{section.5.3}% 142
\BOOKMARK [2][-]{subsection.5.3.2}{\376\377\000S\000p\000r\000i\000n\000t\000\040\000B\000a\000c\000k\000l\000o\000g}{section.5.3}% 143
\BOOKMARK [2][-]{subsection.5.3.3}{\376\377\000A\000n\000a\000l\000y\000s\000e}{section.5.3}% 144
\BOOKMARK [3][-]{subsubsection.5.3.3.1}{\376\377\000D\000i\000a\000g\000r\000a\000m\000m\000e\000\040\000d\000e\000s\000\040\000c\000a\000s\000\040\000d\000'\000u\000t\000i\000l\000i\000s\000a\000t\000i\000o\000n}{subsection.5.3.3}% 145
\BOOKMARK [3][-]{subsubsection.5.3.3.2}{\376\377\000D\000e\000s\000c\000r\000i\000p\000t\000i\000o\000n\000\040\000t\000e\000x\000t\000u\000e\000l\000l\000e\000\040\000d\000e\000s\000\040\000c\000a\000s\000\040\000d\000'\000u\000t\000i\000l\000i\000s\000a\000t\000i\000o\000n}{subsection.5.3.3}% 146
\BOOKMARK [2][-]{subsection.5.3.4}{\376\377\000C\000o\000n\000c\000e\000p\000t\000i\000o\000n}{section.5.3}% 147
\BOOKMARK [3][-]{subsubsection.5.3.4.1}{\376\377\000D\000i\000a\000g\000r\000a\000m\000m\000e\000\040\000d\000e\000\040\000s\000\351\000q\000u\000e\000n\000c\000e\000\040\000o\000b\000j\000e\000t}{subsection.5.3.4}% 148
\BOOKMARK [2][-]{subsection.5.3.5}{\376\377\000R\000\351\000a\000l\000i\000s\000a\000t\000i\000o\000n}{section.5.3}% 149
\BOOKMARK [3][-]{subsubsection.5.3.5.1}{\376\377\000C\000o\000n\000s\000u\000l\000t\000a\000t\000i\000o\000n\000s\000\040\000c\000o\000n\000f\000r\000a\000t\000e\000r\000n\000e\000l\000l\000e\000s}{subsection.5.3.5}% 150
\BOOKMARK [3][-]{subsubsection.5.3.5.2}{\376\377\000A\000n\000n\000o\000t\000a\000t\000i\000o\000n\000\040\000e\000t\000\040\000c\000o\000m\000p\000a\000r\000a\000i\000s\000o\000n\000\040\000a\000u\000x\000\040\000n\000o\000r\000m\000e\000s}{subsection.5.3.5}% 151
\BOOKMARK [3][-]{subsubsection.5.3.5.3}{\376\377\000P\000r\000o\000d\000u\000c\000t\000i\000o\000n\000\040\000d\000u\000\040\000c\000o\000m\000p\000t\000e\000\040\000r\000e\000n\000d\000u}{subsection.5.3.5}% 152
\BOOKMARK [3][-]{subsubsection.5.3.5.4}{\376\377\000M\000u\000l\000t\000i\000l\000i\000n\000g\000u\000i\000s\000m\000e\000\040\000e\000t\000\040\000t\000h\000\350\000m\000e\000\040\000s\000o\000m\000b\000r\000e}{subsection.5.3.5}% 153
\BOOKMARK [3][-]{subsubsection.5.3.5.5}{\376\377\000C\000o\000n\000t\000e\000n\000e\000u\000r\000i\000s\000a\000t\000i\000o\000n}{subsection.5.3.5}% 154
\BOOKMARK [3][-]{subsubsection.5.3.5.6}{\376\377\000I\000n\000t\000\351\000g\000r\000a\000t\000i\000o\000n\000\040\000c\000o\000n\000t\000i\000n\000u\000e}{subsection.5.3.5}% 155
\BOOKMARK [2][-]{subsection.5.3.6}{\376\377\000R\000e\000v\000u\000e\000\040\000d\000u\000\040\000s\000p\000r\000i\000n\000t}{section.5.3}% 156
\BOOKMARK [1][-]{section.5.4}{\376\377\000R\000e\000v\000u\000e\000\040\000d\000e\000\040\000l\000a\000\040\000r\000e\000l\000e\000a\000s\000e\000\040\0003}{chapter.5}% 157
\BOOKMARK [2][-]{subsection.5.4.1}{\376\377\000I\000n\000c\000r\000\351\000m\000e\000n\000t\000\040\000l\000i\000v\000r\000\351}{section.5.4}% 158
\BOOKMARK [2][-]{subsection.5.4.2}{\376\377\000V\000a\000l\000i\000d\000a\000t\000i\000o\000n\000\040\000f\000o\000n\000c\000t\000i\000o\000n\000n\000e\000l\000l\000e}{section.5.4}% 159
\BOOKMARK [2][-]{subsection.5.4.3}{\376\377\000R\000\351\000t\000r\000o\000s\000p\000e\000c\000t\000i\000v\000e}{section.5.4}% 160
\BOOKMARK [0][-]{chapter*.151}{\376\377\000C\000o\000n\000c\000l\000u\000s\000i\000o\000n\000\040\000g\000\351\000n\000\351\000r\000a\000l\000e\000\040\000e\000t\000\040\000p\000e\000r\000s\000p\000e\000c\000t\000i\000v\000e\000s}{}% 161
\BOOKMARK [1][-]{section*.152}{\376\377\000B\000i\000l\000a\000n\000\040\000d\000u\000\040\000t\000r\000a\000v\000a\000i\000l}{chapter*.151}% 162
\BOOKMARK [1][-]{table.caption.153}{\376\377\000A\000p\000p\000o\000r\000t\000s\000\040\000d\000u\000\040\000p\000r\000o\000j\000e\000t}{chapter*.151}% 163
\BOOKMARK [1][-]{table.caption.153}{\376\377\000L\000i\000m\000i\000t\000e\000s}{chapter*.151}% 164
\BOOKMARK [1][-]{table.caption.153}{\376\377\000P\000e\000r\000s\000p\000e\000c\000t\000i\000v\000e\000s}{chapter*.151}% 165
\BOOKMARK [1][-]{table.caption.153}{\376\377\000M\000o\000t\000\040\000d\000e\000\040\000l\000a\000\040\000f\000i\000n}{chapter*.151}% 166
\BOOKMARK [0][-]{section*.154}{\376\377\000B\000i\000b\000l\000i\000o\000g\000r\000a\000p\000h\000i\000e}{}% 167
