\BOOKMARK [0][-]{chapter*.4}{\376\377\000I\000n\000t\000r\000o\000d\000u\000c\000t\000i\000o\000n\000\040\000g\000\351\000n\000\351\000r\000a\000l\000e}{}% 1
\BOOKMARK [0][-]{chapter.1}{\376\377\000P\000r\000\351\000s\000e\000n\000t\000a\000t\000i\000o\000n\000\040\000g\000\351\000n\000\351\000r\000a\000l\000e}{}% 2
\BOOKMARK [1][-]{section.1.1}{\376\377\000C\000a\000d\000r\000e\000\040\000g\000\351\000n\000\351\000r\000a\000l\000\040\000d\000u\000\040\000s\000t\000a\000g\000e}{chapter.1}% 3
\BOOKMARK [1][-]{section.1.2}{\376\377\000P\000r\000\351\000s\000e\000n\000t\000a\000t\000i\000o\000n\000\040\000d\000e\000\040\000l\000'\000o\000r\000g\000a\000n\000i\000s\000m\000e\000\040\000d\000'\000a\000c\000c\000u\000e\000i\000l}{chapter.1}% 4
\BOOKMARK [2][-]{subsection.1.2.1}{\376\377\000L\000e\000\040\000C\000e\000n\000t\000r\000e\000\040\000N\000a\000t\000i\000o\000n\000a\000l\000\040\000d\000e\000\040\000l\000'\000I\000n\000f\000o\000r\000m\000a\000t\000i\000q\000u\000e}{section.1.2}% 5
\BOOKMARK [2][-]{subsection.1.2.2}{\376\377\000S\000e\000r\000v\000i\000c\000e\000s\000\040\000p\000r\000o\000p\000o\000s\000\351\000s\000\040\000p\000a\000r\000\040\000l\000e\000\040\000C\000N\000I}{section.1.2}% 6
\BOOKMARK [2][-]{subsection.1.2.3}{\376\377\000I\000n\000t\000\351\000g\000r\000a\000t\000i\000o\000n\000\040\000d\000u\000\040\000p\000r\000o\000j\000e\000t\000\040\000a\000u\000\040\000s\000e\000i\000n\000\040\000d\000u\000\040\000C\000N\000I}{section.1.2}% 7
\BOOKMARK [1][-]{section.1.3}{\376\377\000P\000r\000\351\000s\000e\000n\000t\000a\000t\000i\000o\000n\000\040\000d\000u\000\040\000p\000r\000o\000j\000e\000t}{chapter.1}% 8
\BOOKMARK [2][-]{subsection.1.3.1}{\376\377\000L\000e\000\040\000s\000o\000m\000m\000e\000i\000l\000\040\000e\000t\000\040\000s\000a\000\040\000s\000t\000r\000u\000c\000t\000u\000r\000e}{section.1.3}% 9
\BOOKMARK [2][-]{subsection.1.3.2}{\376\377\000L\000a\000\040\000p\000o\000l\000y\000s\000o\000m\000n\000o\000g\000r\000a\000p\000h\000i\000e}{section.1.3}% 10
\BOOKMARK [2][-]{subsection.1.3.3}{\376\377\000L\000e\000\040\000s\000y\000n\000d\000r\000o\000m\000e\000\040\000d\000'\000a\000p\000n\000\351\000e\000s\000\040\000o\000b\000s\000t\000r\000u\000c\000t\000i\000v\000e\000s\000\040\000d\000u\000\040\000s\000o\000m\000m\000e\000i\000l}{section.1.3}% 11
\BOOKMARK [2][-]{subsection.1.3.4}{\376\377\000O\000b\000j\000e\000c\000t\000i\000f\000\040\000g\000\351\000n\000\351\000r\000a\000l\000\040\000d\000u\000\040\000p\000r\000o\000j\000e\000t}{section.1.3}% 12
\BOOKMARK [2][-]{subsection.1.3.5}{\376\377\000P\000r\000o\000b\000l\000\351\000m\000a\000t\000i\000q\000u\000e}{section.1.3}% 13
\BOOKMARK [3][-]{subsubsection.1.3.5.1}{\376\377\000L\000e\000\040\000c\000o\000\373\000t\000\040\000d\000u\000\040\000s\000c\000o\000r\000a\000g\000e\000\040\000m\000a\000n\000u\000e\000l}{subsection.1.3.5}% 14
\BOOKMARK [3][-]{subsubsection.1.3.5.2}{\376\377\000L\000a\000\040\000v\000a\000r\000i\000a\000b\000i\000l\000i\000t\000\351\000\040\000i\000n\000t\000e\000r\000-\000s\000c\000o\000r\000e\000u\000r}{subsection.1.3.5}% 15
\BOOKMARK [3][-]{subsubsection.1.3.5.3}{\376\377\000L\000'\000o\000p\000a\000c\000i\000t\000\351\000\040\000d\000e\000s\000\040\000m\000o\000d\000\350\000l\000e\000s\000\040\000d\000'\000a\000p\000p\000r\000e\000n\000t\000i\000s\000s\000a\000g\000e\000\040\000p\000r\000o\000f\000o\000n\000d}{subsection.1.3.5}% 16
\BOOKMARK [1][-]{section.1.4}{\376\377\000\311\000t\000u\000d\000e\000\040\000p\000r\000\351\000a\000l\000a\000b\000l\000e}{chapter.1}% 17
\BOOKMARK [2][-]{subsection.1.4.1}{\376\377\000\311\000t\000u\000d\000e\000\040\000d\000e\000\040\000l\000'\000e\000x\000i\000s\000t\000a\000n\000t}{section.1.4}% 18
\BOOKMARK [3][-]{subsubsection.1.4.1.1}{\376\377\000L\000e\000s\000\040\000s\000o\000l\000u\000t\000i\000o\000n\000s\000\040\000c\000o\000m\000m\000e\000r\000c\000i\000a\000l\000e\000s}{subsection.1.4.1}% 19
\BOOKMARK [3][-]{subsubsection.1.4.1.2}{\376\377\000L\000e\000s\000\040\000t\000r\000a\000v\000a\000u\000x\000\040\000a\000c\000a\000d\000\351\000m\000i\000q\000u\000e\000s}{subsection.1.4.1}% 20
\BOOKMARK [2][-]{subsection.1.4.2}{\376\377\000C\000r\000i\000t\000i\000q\000u\000e\000\040\000d\000e\000\040\000l\000'\000e\000x\000i\000s\000t\000a\000n\000t}{section.1.4}% 21
\BOOKMARK [2][-]{subsection.1.4.3}{\376\377\000S\000o\000l\000u\000t\000i\000o\000n\000\040\000p\000r\000o\000p\000o\000s\000\351\000e}{section.1.4}% 22
\BOOKMARK [1][-]{section.1.5}{\376\377\000M\000\351\000t\000h\000o\000d\000o\000l\000o\000g\000i\000e\000\040\000d\000e\000\040\000t\000r\000a\000v\000a\000i\000l}{chapter.1}% 23
\BOOKMARK [2][-]{subsection.1.5.1}{\376\377\000C\000h\000o\000i\000x\000\040\000d\000u\000\040\000c\000a\000d\000r\000e\000\040\000S\000c\000r\000u\000m}{section.1.5}% 24
\BOOKMARK [2][-]{subsection.1.5.2}{\376\377\000L\000e\000s\000\040\000r\000\364\000l\000e\000s\000\040\000d\000a\000n\000s\000\040\000l\000a\000\040\000m\000\351\000t\000h\000o\000d\000o\000l\000o\000g\000i\000e\000\040\000S\000c\000r\000u\000m}{section.1.5}% 25
\BOOKMARK [2][-]{subsection.1.5.3}{\376\377\000A\000d\000a\000p\000t\000a\000t\000i\000o\000n\000\040\000a\000u\000\040\000p\000r\000o\000j\000e\000t}{section.1.5}% 26
\BOOKMARK [0][-]{chapter.2}{\376\377\000A\000n\000a\000l\000y\000s\000e\000\040\000e\000t\000\040\000s\000p\000\351\000c\000i\000f\000i\000c\000a\000t\000i\000o\000n\000\040\000d\000e\000s\000\040\000b\000e\000s\000o\000i\000n\000s}{}% 27
\BOOKMARK [1][-]{section.2.1}{\376\377\000I\000d\000e\000n\000t\000i\000f\000i\000c\000a\000t\000i\000o\000n\000\040\000d\000e\000s\000\040\000a\000c\000t\000e\000u\000r\000s}{chapter.2}% 28
\BOOKMARK [1][-]{section.2.2}{\376\377\000\311\000t\000u\000d\000e\000\040\000d\000e\000s\000\040\000b\000e\000s\000o\000i\000n\000s}{chapter.2}% 29
\BOOKMARK [2][-]{subsection.2.2.1}{\376\377\000L\000e\000s\000\040\000b\000e\000s\000o\000i\000n\000s\000\040\000f\000o\000n\000c\000t\000i\000o\000n\000n\000e\000l\000s}{section.2.2}% 30
\BOOKMARK [2][-]{subsection.2.2.2}{\376\377\000L\000e\000s\000\040\000b\000e\000s\000o\000i\000n\000s\000\040\000n\000o\000n\000\040\000f\000o\000n\000c\000t\000i\000o\000n\000n\000e\000l\000s}{section.2.2}% 31
\BOOKMARK [1][-]{section.2.3}{\376\377\000D\000i\000a\000g\000r\000a\000m\000m\000e\000\040\000d\000e\000\040\000c\000a\000s\000\040\000d\000'\000u\000t\000i\000l\000i\000s\000a\000t\000i\000o\000n\000\040\000g\000l\000o\000b\000a\000l}{chapter.2}% 32
\BOOKMARK [1][-]{section.2.4}{\376\377\000B\000a\000c\000k\000l\000o\000g\000\040\000d\000u\000\040\000p\000r\000o\000d\000u\000i\000t}{chapter.2}% 33
\BOOKMARK [1][-]{section.2.5}{\376\377\000D\000i\000a\000g\000r\000a\000m\000m\000e\000\040\000d\000e\000\040\000c\000l\000a\000s\000s\000e\000s}{chapter.2}% 34
\BOOKMARK [1][-]{section.2.6}{\376\377\000E\000n\000v\000i\000r\000o\000n\000n\000e\000m\000e\000n\000t\000\040\000d\000e\000\040\000t\000r\000a\000v\000a\000i\000l}{chapter.2}% 35
\BOOKMARK [2][-]{subsection.2.6.1}{\376\377\000F\000r\000a\000m\000e\000w\000o\000r\000k\000s\000\040\000e\000t\000\040\000l\000a\000n\000g\000a\000g\000e\000s\000\040\000u\000t\000i\000l\000i\000s\000\351\000s}{section.2.6}% 36
\BOOKMARK [2][-]{subsection.2.6.2}{\376\377\000E\000n\000v\000i\000r\000o\000n\000n\000e\000m\000e\000n\000t\000\040\000l\000o\000g\000i\000c\000i\000e\000l}{section.2.6}% 37
\BOOKMARK [2][-]{subsection.2.6.3}{\376\377\000E\000n\000v\000i\000r\000o\000n\000n\000e\000m\000e\000n\000t\000\040\000m\000a\000t\000\351\000r\000i\000e\000l}{section.2.6}% 38
\BOOKMARK [1][-]{section.2.7}{\376\377\000A\000r\000c\000h\000i\000t\000e\000c\000t\000u\000r\000e\000\040\000g\000l\000o\000b\000a\000l\000e}{chapter.2}% 39
\BOOKMARK [2][-]{subsection.2.7.1}{\376\377\000A\000r\000c\000h\000i\000t\000e\000c\000t\000u\000r\000e\000\040\000l\000o\000g\000i\000q\000u\000e}{section.2.7}% 40
\BOOKMARK [2][-]{subsection.2.7.2}{\376\377\000A\000r\000c\000h\000i\000t\000e\000c\000t\000u\000r\000e\000\040\000p\000h\000y\000s\000i\000q\000u\000e}{section.2.7}% 41
\BOOKMARK [1][-]{section.2.8}{\376\377\000S\000p\000r\000i\000n\000t\000\040\000B\000a\000c\000k\000l\000o\000g\000\040\000g\000\351\000n\000\351\000r\000a\000l}{chapter.2}% 42
\BOOKMARK [2][-]{subsection.2.8.1}{\376\377\000D\000\351\000c\000o\000u\000p\000a\000g\000e\000\040\000e\000n\000\040\000s\000i\000x\000\040\000s\000p\000r\000i\000n\000t\000s}{section.2.8}% 43
\BOOKMARK [2][-]{subsection.2.8.2}{\376\377\000V\000\351\000l\000o\000c\000i\000t\000\351\000\040\000p\000r\000\351\000v\000i\000s\000i\000o\000n\000n\000e\000l\000l\000e}{section.2.8}% 44
\BOOKMARK [2][-]{subsection.2.8.3}{\376\377\000P\000l\000a\000n\000n\000i\000n\000g}{section.2.8}% 45
\BOOKMARK [0][-]{chapter.3}{\376\377\000S\000p\000r\000i\000n\000t\000\040\0001\000\040\000:\000\040\000P\000r\000\351\000p\000a\000r\000a\000t\000i\000o\000n\000\040\000d\000e\000s\000\040\000d\000o\000n\000n\000\351\000e\000s\000\040\000e\000t\000\040\000a\000m\000o\000r\000\347\000a\000g\000e}{}% 46
\BOOKMARK [1][-]{section.3.1}{\376\377\000O\000b\000j\000e\000c\000t\000i\000f\000\040\000d\000u\000\040\000s\000p\000r\000i\000n\000t}{chapter.3}% 47
\BOOKMARK [1][-]{section.3.2}{\376\377\000A\000n\000a\000l\000y\000s\000e\000\040\000d\000u\000\040\000s\000p\000r\000i\000n\000t\000\040\0001}{chapter.3}% 48
\BOOKMARK [2][-]{subsection.3.2.1}{\376\377\000S\000p\000r\000i\000n\000t\000\040\000B\000a\000c\000k\000l\000o\000g}{section.3.2}% 49
\BOOKMARK [2][-]{subsection.3.2.2}{\376\377\000D\000i\000a\000g\000r\000a\000m\000m\000e\000\040\000d\000e\000s\000\040\000c\000a\000s\000\040\000d\000'\000u\000t\000i\000l\000i\000s\000a\000t\000i\000o\000n}{section.3.2}% 50
\BOOKMARK [3][-]{subsubsection.3.2.2.1}{\376\377\000D\000e\000s\000c\000r\000i\000p\000t\000i\000o\000n\000\040\000t\000e\000x\000t\000u\000e\000l\000l\000e\000\040\000d\000e\000s\000\040\000c\000a\000s\000\040\000d\000'\000u\000t\000i\000l\000i\000s\000a\000t\000i\000o\000n}{subsection.3.2.2}% 51
\BOOKMARK [2][-]{subsection.3.2.3}{\376\377\000D\000i\000a\000g\000r\000a\000m\000m\000e\000\040\000d\000e\000\040\000s\000\351\000q\000u\000e\000n\000c\000e\000\040\000o\000b\000j\000e\000t}{section.3.2}% 52
\BOOKMARK [1][-]{section.3.3}{\376\377\000R\000\351\000a\000l\000i\000s\000a\000t\000i\000o\000n}{chapter.3}% 53
\BOOKMARK [2][-]{subsection.3.3.1}{\376\377\000L\000a\000\040\000c\000h\000a\000\356\000n\000e\000\040\000d\000e\000\040\000p\000r\000\351\000p\000a\000r\000a\000t\000i\000o\000n}{section.3.3}% 54
\BOOKMARK [2][-]{subsection.3.3.2}{\376\377\000L\000e\000\040\000c\000o\000r\000p\000u\000s\000\040\000p\000r\000o\000d\000u\000i\000t}{section.3.3}% 55
\BOOKMARK [2][-]{subsection.3.3.3}{\376\377\000D\000\351\000c\000o\000u\000p\000a\000g\000e\000\040\000e\000t\000\040\000p\000o\000n\000d\000\351\000r\000a\000t\000i\000o\000n}{section.3.3}% 56
\BOOKMARK [0][-]{chapter.4}{\376\377\000S\000p\000r\000i\000n\000t\000\040\0002\000\040\000:\000\040\000M\000o\000d\000\350\000l\000e\000s\000\040\000d\000e\000\040\000c\000l\000a\000s\000s\000i\000f\000i\000c\000a\000t\000i\000o\000n\000\040\000d\000e\000s\000\040\000s\000t\000a\000d\000e\000s}{}% 57
\BOOKMARK [1][-]{section.4.1}{\376\377\000O\000b\000j\000e\000c\000t\000i\000f\000\040\000d\000u\000\040\000s\000p\000r\000i\000n\000t}{chapter.4}% 58
\BOOKMARK [1][-]{section.4.2}{\376\377\000A\000n\000a\000l\000y\000s\000e\000\040\000d\000u\000\040\000s\000p\000r\000i\000n\000t\000\040\0002}{chapter.4}% 59
\BOOKMARK [2][-]{subsection.4.2.1}{\376\377\000S\000p\000r\000i\000n\000t\000\040\000B\000a\000c\000k\000l\000o\000g}{section.4.2}% 60
\BOOKMARK [2][-]{subsection.4.2.2}{\376\377\000D\000i\000a\000g\000r\000a\000m\000m\000e\000\040\000d\000e\000s\000\040\000c\000a\000s\000\040\000d\000'\000u\000t\000i\000l\000i\000s\000a\000t\000i\000o\000n}{section.4.2}% 61
\BOOKMARK [3][-]{subsubsection.4.2.2.1}{\376\377\000D\000e\000s\000c\000r\000i\000p\000t\000i\000o\000n\000\040\000t\000e\000x\000t\000u\000e\000l\000l\000e\000\040\000d\000e\000s\000\040\000c\000a\000s\000\040\000d\000'\000u\000t\000i\000l\000i\000s\000a\000t\000i\000o\000n}{subsection.4.2.2}% 62
\BOOKMARK [2][-]{subsection.4.2.3}{\376\377\000D\000i\000a\000g\000r\000a\000m\000m\000e\000\040\000d\000e\000\040\000s\000\351\000q\000u\000e\000n\000c\000e\000\040\000o\000b\000j\000e\000t}{section.4.2}% 63
\BOOKMARK [1][-]{section.4.3}{\376\377\000R\000\351\000a\000l\000i\000s\000a\000t\000i\000o\000n}{chapter.4}% 64
\BOOKMARK [2][-]{subsection.4.3.1}{\376\377\000L\000e\000s\000\040\000t\000r\000o\000i\000s\000\040\000a\000r\000c\000h\000i\000t\000e\000c\000t\000u\000r\000e\000s}{section.4.3}% 65
\BOOKMARK [3][-]{subsubsection.4.3.1.1}{\376\377\000R\000\351\000s\000e\000a\000u\000\040\000c\000o\000n\000v\000o\000l\000u\000t\000i\000f\000\040\000m\000u\000l\000t\000i\000-\000\351\000c\000h\000e\000l\000l\000e}{subsection.4.3.1}% 66
\BOOKMARK [3][-]{subsubsection.4.3.1.2}{\376\377\000R\000\351\000s\000e\000a\000u\000\040\000r\000\351\000c\000u\000r\000r\000e\000n\000t\000\040\000\340\000\040\000p\000o\000o\000l\000i\000n\000g\000\040\000a\000t\000t\000e\000n\000t\000i\000o\000n\000n\000e\000l}{subsection.4.3.1}% 67
\BOOKMARK [3][-]{subsubsection.4.3.1.3}{\376\377\000R\000\351\000s\000e\000a\000u\000\040\000a\000t\000t\000e\000n\000t\000i\000o\000n\000n\000e\000l\000\040\000p\000a\000r\000\040\000p\000a\000t\000c\000h\000s}{subsection.4.3.1}% 68
\BOOKMARK [2][-]{subsection.4.3.2}{\376\377\000S\000t\000r\000a\000t\000\351\000g\000i\000e\000\040\000d\000'\000e\000n\000t\000r\000a\000\356\000n\000e\000m\000e\000n\000t\000\040\000s\000o\000u\000s\000\040\000c\000o\000n\000t\000r\000a\000i\000n\000t\000e\000\040\000m\000a\000t\000\351\000r\000i\000e\000l\000l\000e}{section.4.3}% 69
\BOOKMARK [3][-]{subsubsection.4.3.2.1}{\376\377\000D\000i\000m\000e\000n\000s\000i\000o\000n\000n\000e\000m\000e\000n\000t\000\040\000d\000u\000\040\000p\000r\000o\000b\000l\000\350\000m\000e}{subsection.4.3.2}% 70
\BOOKMARK [3][-]{subsubsection.4.3.2.2}{\376\377\000T\000r\000o\000i\000s\000\040\000s\000t\000r\000a\000t\000\351\000g\000i\000e\000s\000\040\000d\000e\000\040\000r\000\351\000s\000i\000d\000e\000n\000c\000e\000\040\000d\000e\000s\000\040\000d\000o\000n\000n\000\351\000e\000s}{subsection.4.3.2}% 71
\BOOKMARK [3][-]{subsubsection.4.3.2.3}{\376\377\000L\000a\000\040\000c\000o\000n\000t\000r\000a\000i\000n\000t\000e\000\040\000\351\000t\000a\000i\000t\000\040\000r\000\351\000e\000l\000l\000e}{subsection.4.3.2}% 72
\BOOKMARK [3][-]{subsubsection.4.3.2.4}{\376\377\000R\000\351\000g\000l\000a\000g\000e\000s\000\040\000d\000'\000e\000n\000t\000r\000a\000\356\000n\000e\000m\000e\000n\000t}{subsection.4.3.2}% 73
\BOOKMARK [2][-]{subsection.4.3.3}{\376\377\000R\000\351\000s\000u\000l\000t\000a\000t\000s}{section.4.3}% 74
\BOOKMARK [3][-]{subsubsection.4.3.3.1}{\376\377\000L\000e\000s\000\040\000d\000o\000u\000z\000e\000\040\000m\000o\000d\000\350\000l\000e\000s}{subsection.4.3.3}% 75
\BOOKMARK [3][-]{subsubsection.4.3.3.2}{\376\377\000L\000e\000\040\000p\000r\000o\000b\000l\000\350\000m\000e\000\040\000d\000u\000\040\000s\000t\000a\000d\000e\000\040\000N\0001}{subsection.4.3.3}% 76
\BOOKMARK [0][-]{chapter.5}{\376\377\000S\000p\000r\000i\000n\000t\000\040\0003\000\040\000:\000\040\000E\000n\000s\000e\000m\000b\000l\000e\000s\000\040\000e\000t\000\040\000p\000r\000\351\000d\000i\000c\000t\000i\000o\000n\000\040\000d\000e\000\040\000l\000a\000\040\000s\000\351\000v\000\351\000r\000i\000t\000\351}{}% 77
\BOOKMARK [1][-]{section.5.1}{\376\377\000O\000b\000j\000e\000c\000t\000i\000f\000\040\000d\000u\000\040\000s\000p\000r\000i\000n\000t}{chapter.5}% 78
\BOOKMARK [1][-]{section.5.2}{\376\377\000A\000n\000a\000l\000y\000s\000e\000\040\000d\000u\000\040\000s\000p\000r\000i\000n\000t\000\040\0003}{chapter.5}% 79
\BOOKMARK [2][-]{subsection.5.2.1}{\376\377\000S\000p\000r\000i\000n\000t\000\040\000B\000a\000c\000k\000l\000o\000g}{section.5.2}% 80
\BOOKMARK [2][-]{subsection.5.2.2}{\376\377\000D\000i\000a\000g\000r\000a\000m\000m\000e\000\040\000d\000e\000s\000\040\000c\000a\000s\000\040\000d\000'\000u\000t\000i\000l\000i\000s\000a\000t\000i\000o\000n}{section.5.2}% 81
\BOOKMARK [3][-]{subsubsection.5.2.2.1}{\376\377\000D\000e\000s\000c\000r\000i\000p\000t\000i\000o\000n\000\040\000t\000e\000x\000t\000u\000e\000l\000l\000e\000\040\000d\000e\000s\000\040\000c\000a\000s\000\040\000d\000'\000u\000t\000i\000l\000i\000s\000a\000t\000i\000o\000n}{subsection.5.2.2}% 82
\BOOKMARK [2][-]{subsection.5.2.3}{\376\377\000D\000i\000a\000g\000r\000a\000m\000m\000e\000\040\000d\000e\000\040\000s\000\351\000q\000u\000e\000n\000c\000e\000\040\000o\000b\000j\000e\000t}{section.5.2}% 83
\BOOKMARK [1][-]{section.5.3}{\376\377\000R\000\351\000a\000l\000i\000s\000a\000t\000i\000o\000n}{chapter.5}% 84
\BOOKMARK [2][-]{subsection.5.3.1}{\376\377\000C\000o\000m\000b\000i\000n\000a\000i\000s\000o\000n\000\040\000d\000e\000s\000\040\000m\000o\000d\000\350\000l\000e\000s\000\040\000p\000a\000r\000\040\000e\000m\000p\000i\000l\000e\000m\000e\000n\000t}{section.5.3}% 85
\BOOKMARK [3][-]{subsubsection.5.3.1.1}{\376\377\000P\000r\000i\000n\000c\000i\000p\000e}{subsection.5.3.1}% 86
\BOOKMARK [3][-]{subsubsection.5.3.1.2}{\376\377\000R\000\351\000s\000u\000l\000t\000a\000t\000s}{subsection.5.3.1}% 87
\BOOKMARK [2][-]{subsection.5.3.2}{\376\377\000P\000r\000\351\000d\000i\000c\000t\000i\000o\000n\000\040\000d\000e\000\040\000l\000a\000\040\000s\000\351\000v\000\351\000r\000i\000t\000\351\000\040\000d\000u\000\040\000s\000y\000n\000d\000r\000o\000m\000e\000\040\000d\000'\000a\000p\000n\000\351\000e\000s}{section.5.3}% 88
\BOOKMARK [3][-]{subsubsection.5.3.2.1}{\376\377\000P\000o\000s\000i\000t\000i\000o\000n\000n\000e\000m\000e\000n\000t}{subsection.5.3.2}% 89
\BOOKMARK [3][-]{subsubsection.5.3.2.2}{\376\377\000C\000o\000n\000s\000t\000r\000u\000c\000t\000i\000o\000n\000\040\000d\000e\000\040\000l\000a\000\040\000m\000a\000t\000r\000i\000c\000e\000\040\000d\000e\000\040\000v\000a\000r\000i\000a\000b\000l\000e\000s}{subsection.5.3.2}% 90
\BOOKMARK [3][-]{subsubsection.5.3.2.3}{\376\377\000C\000o\000m\000p\000a\000r\000a\000i\000s\000o\000n\000\040\000d\000e\000s\000\040\000c\000l\000a\000s\000s\000i\000f\000i\000e\000u\000r\000s}{subsection.5.3.2}% 91
\BOOKMARK [3][-]{subsubsection.5.3.2.4}{\376\377\000R\000\351\000s\000u\000l\000t\000a\000t\000s\000\040\000s\000u\000r\000\040\000l\000e\000\040\000j\000e\000u\000\040\000d\000e\000\040\000t\000e\000s\000t}{subsection.5.3.2}% 92
\BOOKMARK [2][-]{subsection.5.3.3}{\376\377\000E\000x\000p\000l\000i\000c\000a\000b\000i\000l\000i\000t\000\351\000\040\000d\000e\000s\000\040\000p\000r\000\351\000d\000i\000c\000t\000i\000o\000n\000s}{section.5.3}% 93
\BOOKMARK [3][-]{subsubsection.5.3.3.1}{\376\377\000C\000h\000o\000i\000x\000\040\000d\000e\000\040\000l\000a\000\040\000m\000\351\000t\000h\000o\000d\000e}{subsection.5.3.3}% 94
\BOOKMARK [3][-]{subsubsection.5.3.3.2}{\376\377\000M\000i\000s\000e\000\040\000e\000n\000\040\001\123\000u\000v\000r\000e\000\040\000e\000t\000\040\000r\000\351\000s\000u\000l\000t\000a\000t\000s}{subsection.5.3.3}% 95
\BOOKMARK [2][-]{subsection.5.3.4}{\376\377\000S\000y\000n\000t\000h\000\350\000s\000e\000\040\000m\000\351\000t\000h\000o\000d\000o\000l\000o\000g\000i\000q\000u\000e}{section.5.3}% 96
\BOOKMARK [0][-]{chapter.6}{\376\377\000S\000p\000r\000i\000n\000t\000\040\0004\000\040\000:\000\040\000S\000e\000r\000v\000i\000c\000e\000\040\000d\000'\000i\000n\000f\000\351\000r\000e\000n\000c\000e\000\040\000e\000t\000\040\000p\000o\000s\000t\000e\000\040\000d\000e\000\040\000t\000r\000a\000v\000a\000i\000l}{}% 97
\BOOKMARK [1][-]{section.6.1}{\376\377\000O\000b\000j\000e\000c\000t\000i\000f\000\040\000d\000u\000\040\000s\000p\000r\000i\000n\000t}{chapter.6}% 98
\BOOKMARK [1][-]{section.6.2}{\376\377\000A\000n\000a\000l\000y\000s\000e\000\040\000d\000u\000\040\000s\000p\000r\000i\000n\000t\000\040\0004}{chapter.6}% 99
\BOOKMARK [2][-]{subsection.6.2.1}{\376\377\000S\000p\000r\000i\000n\000t\000\040\000B\000a\000c\000k\000l\000o\000g}{section.6.2}% 100
\BOOKMARK [2][-]{subsection.6.2.2}{\376\377\000D\000i\000a\000g\000r\000a\000m\000m\000e\000\040\000d\000e\000s\000\040\000c\000a\000s\000\040\000d\000'\000u\000t\000i\000l\000i\000s\000a\000t\000i\000o\000n}{section.6.2}% 101
\BOOKMARK [3][-]{subsubsection.6.2.2.1}{\376\377\000D\000e\000s\000c\000r\000i\000p\000t\000i\000o\000n\000\040\000t\000e\000x\000t\000u\000e\000l\000l\000e\000\040\000d\000e\000s\000\040\000c\000a\000s\000\040\000d\000'\000u\000t\000i\000l\000i\000s\000a\000t\000i\000o\000n}{subsection.6.2.2}% 102
\BOOKMARK [2][-]{subsection.6.2.3}{\376\377\000D\000i\000a\000g\000r\000a\000m\000m\000e\000\040\000d\000e\000\040\000s\000\351\000q\000u\000e\000n\000c\000e\000\040\000o\000b\000j\000e\000t}{section.6.2}% 103
\BOOKMARK [1][-]{section.6.3}{\376\377\000R\000\351\000a\000l\000i\000s\000a\000t\000i\000o\000n}{chapter.6}% 104
\BOOKMARK [2][-]{subsection.6.3.1}{\376\377\000O\000r\000g\000a\000n\000i\000s\000a\000t\000i\000o\000n\000\040\000d\000e\000\040\000l\000'\000i\000n\000t\000e\000r\000f\000a\000c\000e\000\040\000a\000p\000p\000l\000i\000c\000a\000t\000i\000v\000e}{section.6.3}% 105
\BOOKMARK [2][-]{subsection.6.3.2}{\376\377\000P\000o\000i\000n\000t\000s\000\040\000d\000'\000e\000n\000t\000r\000\351\000e}{section.6.3}% 106
\BOOKMARK [2][-]{subsection.6.3.3}{\376\377\000S\000\351\000c\000u\000r\000i\000t\000\351\000\040\000d\000e\000s\000\040\000a\000c\000c\000\350\000s}{section.6.3}% 107
\BOOKMARK [2][-]{subsection.6.3.4}{\376\377\000P\000o\000s\000t\000e\000\040\000d\000e\000\040\000t\000r\000a\000v\000a\000i\000l\000\040\000d\000u\000\040\000p\000r\000a\000t\000i\000c\000i\000e\000n}{section.6.3}% 108
\BOOKMARK [0][-]{chapter.7}{\376\377\000S\000p\000r\000i\000n\000t\000\040\0005\000\040\000:\000\040\000D\000o\000s\000s\000i\000e\000r\000\040\000p\000a\000t\000i\000e\000n\000t\000\040\000e\000t\000\040\000g\000o\000u\000v\000e\000r\000n\000a\000n\000c\000e}{}% 109
\BOOKMARK [1][-]{section.7.1}{\376\377\000O\000b\000j\000e\000c\000t\000i\000f\000\040\000d\000u\000\040\000s\000p\000r\000i\000n\000t}{chapter.7}% 110
\BOOKMARK [1][-]{section.7.2}{\376\377\000A\000n\000a\000l\000y\000s\000e\000\040\000d\000u\000\040\000s\000p\000r\000i\000n\000t\000\040\0005}{chapter.7}% 111
\BOOKMARK [2][-]{subsection.7.2.1}{\376\377\000S\000p\000r\000i\000n\000t\000\040\000B\000a\000c\000k\000l\000o\000g}{section.7.2}% 112
\BOOKMARK [2][-]{subsection.7.2.2}{\376\377\000D\000i\000a\000g\000r\000a\000m\000m\000e\000\040\000d\000e\000s\000\040\000c\000a\000s\000\040\000d\000'\000u\000t\000i\000l\000i\000s\000a\000t\000i\000o\000n}{section.7.2}% 113
\BOOKMARK [3][-]{subsubsection.7.2.2.1}{\376\377\000D\000e\000s\000c\000r\000i\000p\000t\000i\000o\000n\000\040\000t\000e\000x\000t\000u\000e\000l\000l\000e\000\040\000d\000e\000s\000\040\000c\000a\000s\000\040\000d\000'\000u\000t\000i\000l\000i\000s\000a\000t\000i\000o\000n}{subsection.7.2.2}% 114
\BOOKMARK [2][-]{subsection.7.2.3}{\376\377\000D\000i\000a\000g\000r\000a\000m\000m\000e\000\040\000d\000'\000\351\000t\000a\000t\000s}{section.7.2}% 115
\BOOKMARK [1][-]{section.7.3}{\376\377\000R\000\351\000a\000l\000i\000s\000a\000t\000i\000o\000n}{chapter.7}% 116
\BOOKMARK [2][-]{subsection.7.3.1}{\376\377\000P\000e\000r\000s\000i\000s\000t\000a\000n\000c\000e\000\040\000e\000t\000\040\000c\000l\000o\000i\000s\000o\000n\000n\000e\000m\000e\000n\000t}{section.7.3}% 117
\BOOKMARK [2][-]{subsection.7.3.2}{\376\377\000A\000r\000c\000h\000i\000v\000a\000g\000e\000\040\000s\000u\000r\000\040\000s\000t\000o\000c\000k\000a\000g\000e\000\040\000o\000b\000j\000e\000t}{section.7.3}% 118
\BOOKMARK [2][-]{subsection.7.3.3}{\376\377\000A\000d\000m\000i\000n\000i\000s\000t\000r\000a\000t\000i\000o\000n\000\040\000e\000t\000\040\000c\000y\000c\000l\000e\000\040\000d\000e\000\040\000v\000i\000e\000\040\000d\000e\000s\000\040\000l\000i\000c\000e\000n\000c\000e\000s}{section.7.3}% 119
\BOOKMARK [2][-]{subsection.7.3.4}{\376\377\000T\000r\000a\000\347\000a\000b\000i\000l\000i\000t\000\351}{section.7.3}% 120
\BOOKMARK [2][-]{subsection.7.3.5}{\376\377\000L\000i\000m\000i\000t\000e\000s\000\040\000a\000u\000\040\000r\000e\000g\000a\000r\000d\000\040\000d\000u\000\040\000r\000\350\000g\000l\000e\000m\000e\000n\000t\000\040\000e\000u\000r\000o\000p\000\351\000e\000n}{section.7.3}% 121
\BOOKMARK [0][-]{chapter.8}{\376\377\000S\000p\000r\000i\000n\000t\000\040\0006\000\040\000:\000\040\000C\000o\000l\000l\000a\000b\000o\000r\000a\000t\000i\000o\000n\000,\000\040\000r\000e\000s\000t\000i\000t\000u\000t\000i\000o\000n\000\040\000e\000t\000\040\000i\000n\000d\000u\000s\000t\000r\000i\000a\000l\000i\000s\000a\000t\000i\000o\000n}{}% 122
\BOOKMARK [1][-]{section.8.1}{\376\377\000O\000b\000j\000e\000c\000t\000i\000f\000\040\000d\000u\000\040\000s\000p\000r\000i\000n\000t}{chapter.8}% 123
\BOOKMARK [1][-]{section.8.2}{\376\377\000A\000n\000a\000l\000y\000s\000e\000\040\000d\000u\000\040\000s\000p\000r\000i\000n\000t\000\040\0006}{chapter.8}% 124
\BOOKMARK [2][-]{subsection.8.2.1}{\376\377\000S\000p\000r\000i\000n\000t\000\040\000B\000a\000c\000k\000l\000o\000g}{section.8.2}% 125
\BOOKMARK [2][-]{subsection.8.2.2}{\376\377\000D\000i\000a\000g\000r\000a\000m\000m\000e\000\040\000d\000e\000s\000\040\000c\000a\000s\000\040\000d\000'\000u\000t\000i\000l\000i\000s\000a\000t\000i\000o\000n}{section.8.2}% 126
\BOOKMARK [3][-]{subsubsection.8.2.2.1}{\376\377\000D\000e\000s\000c\000r\000i\000p\000t\000i\000o\000n\000\040\000t\000e\000x\000t\000u\000e\000l\000l\000e\000\040\000d\000e\000s\000\040\000c\000a\000s\000\040\000d\000'\000u\000t\000i\000l\000i\000s\000a\000t\000i\000o\000n}{subsection.8.2.2}% 127
\BOOKMARK [1][-]{section.8.3}{\376\377\000R\000\351\000a\000l\000i\000s\000a\000t\000i\000o\000n}{chapter.8}% 128
\BOOKMARK [2][-]{subsection.8.3.1}{\376\377\000C\000o\000n\000s\000u\000l\000t\000a\000t\000i\000o\000n\000s\000\040\000c\000o\000n\000f\000r\000a\000t\000e\000r\000n\000e\000l\000l\000e\000s}{section.8.3}% 129
\BOOKMARK [2][-]{subsection.8.3.2}{\376\377\000A\000n\000n\000o\000t\000a\000t\000i\000o\000n\000\040\000e\000t\000\040\000c\000o\000m\000p\000a\000r\000a\000i\000s\000o\000n\000\040\000a\000u\000x\000\040\000n\000o\000r\000m\000e\000s}{section.8.3}% 130
\BOOKMARK [2][-]{subsection.8.3.3}{\376\377\000P\000r\000o\000d\000u\000c\000t\000i\000o\000n\000\040\000d\000u\000\040\000c\000o\000m\000p\000t\000e\000\040\000r\000e\000n\000d\000u}{section.8.3}% 131
\BOOKMARK [2][-]{subsection.8.3.4}{\376\377\000M\000u\000l\000t\000i\000l\000i\000n\000g\000u\000i\000s\000m\000e\000\040\000e\000t\000\040\000t\000h\000\350\000m\000e\000\040\000s\000o\000m\000b\000r\000e}{section.8.3}% 132
\BOOKMARK [2][-]{subsection.8.3.5}{\376\377\000C\000o\000n\000t\000e\000n\000e\000u\000r\000i\000s\000a\000t\000i\000o\000n}{section.8.3}% 133
\BOOKMARK [2][-]{subsection.8.3.6}{\376\377\000I\000n\000t\000\351\000g\000r\000a\000t\000i\000o\000n\000\040\000c\000o\000n\000t\000i\000n\000u\000e}{section.8.3}% 134
\BOOKMARK [2][-]{subsection.8.3.7}{\376\377\000V\000a\000l\000i\000d\000a\000t\000i\000o\000n\000\040\000f\000o\000n\000c\000t\000i\000o\000n\000n\000e\000l\000l\000e}{section.8.3}% 135
\BOOKMARK [0][-]{chapter*.101}{\376\377\000C\000o\000n\000c\000l\000u\000s\000i\000o\000n\000\040\000g\000\351\000n\000\351\000r\000a\000l\000e\000\040\000e\000t\000\040\000p\000e\000r\000s\000p\000e\000c\000t\000i\000v\000e\000s}{}% 136
\BOOKMARK [1][-]{section*.102}{\376\377\000B\000i\000l\000a\000n\000\040\000d\000u\000\040\000t\000r\000a\000v\000a\000i\000l}{chapter*.101}% 137
\BOOKMARK [1][-]{table.caption.103}{\376\377\000A\000p\000p\000o\000r\000t\000s\000\040\000d\000u\000\040\000p\000r\000o\000j\000e\000t}{chapter*.101}% 138
\BOOKMARK [1][-]{table.caption.103}{\376\377\000L\000i\000m\000i\000t\000e\000s}{chapter*.101}% 139
\BOOKMARK [1][-]{table.caption.103}{\376\377\000P\000e\000r\000s\000p\000e\000c\000t\000i\000v\000e\000s}{chapter*.101}% 140
\BOOKMARK [1][-]{table.caption.103}{\376\377\000M\000o\000t\000\040\000d\000e\000\040\000l\000a\000\040\000f\000i\000n}{chapter*.101}% 141
\BOOKMARK [0][-]{section*.104}{\376\377\000B\000i\000b\000l\000i\000o\000g\000r\000a\000p\000h\000i\000e}{}% 142
\BOOKMARK [0][-]{appendix.A}{\376\377\000R\000\351\000s\000u\000l\000t\000a\000t\000s\000\040\000d\000\351\000t\000a\000i\000l\000l\000\351\000s\000\040\000d\000e\000\040\000l\000a\000\040\000c\000l\000a\000s\000s\000i\000f\000i\000c\000a\000t\000i\000o\000n\000\040\000d\000e\000s\000\040\000s\000t\000a\000d\000e\000s}{}% 143
\BOOKMARK [1][-]{appendix.A.1}{\376\377\000C\000o\000u\000r\000b\000e\000s\000\040\000d\000'\000a\000p\000p\000r\000e\000n\000t\000i\000s\000s\000a\000g\000e\000\040\000d\000e\000s\000\040\000d\000o\000u\000z\000e\000\040\000m\000o\000d\000\350\000l\000e\000s}{appendix.A}% 144
\BOOKMARK [2][-]{subsection.A.1.1}{\376\377\000A\000r\000c\000h\000i\000t\000e\000c\000t\000u\000r\000e\000\040\000c\000o\000n\000v\000o\000l\000u\000t\000i\000v\000e}{appendix.A.1}% 145
\BOOKMARK [2][-]{subsection.A.1.2}{\376\377\000A\000r\000c\000h\000i\000t\000e\000c\000t\000u\000r\000e\000\040\000r\000\351\000c\000u\000r\000r\000e\000n\000t\000e}{appendix.A.1}% 146
\BOOKMARK [2][-]{subsection.A.1.3}{\376\377\000A\000r\000c\000h\000i\000t\000e\000c\000t\000u\000r\000e\000\040\000a\000t\000t\000e\000n\000t\000i\000o\000n\000n\000e\000l\000l\000e}{appendix.A.1}% 147
\BOOKMARK [1][-]{appendix.A.2}{\376\377\000M\000a\000t\000r\000i\000c\000e\000s\000\040\000d\000e\000\040\000c\000o\000n\000f\000u\000s\000i\000o\000n\000\040\000d\000e\000s\000\040\000d\000o\000u\000z\000e\000\040\000m\000o\000d\000\350\000l\000e\000s}{appendix.A}% 148
\BOOKMARK [2][-]{subsection.A.2.1}{\376\377\000C\000l\000a\000s\000s\000i\000f\000i\000c\000a\000t\000i\000o\000n\000\040\000e\000n\000\040\000t\000r\000o\000i\000s\000\040\000s\000t\000a\000d\000e\000s}{appendix.A.2}% 149
\BOOKMARK [2][-]{subsection.A.2.2}{\376\377\000C\000l\000a\000s\000s\000i\000f\000i\000c\000a\000t\000i\000o\000n\000\040\000e\000n\000\040\000c\000i\000n\000q\000\040\000s\000t\000a\000d\000e\000s}{appendix.A.2}% 150
\BOOKMARK [1][-]{appendix.A.3}{\376\377\000E\000n\000s\000e\000m\000b\000l\000e\000s\000\040\000p\000a\000r\000\040\000e\000m\000p\000i\000l\000e\000m\000e\000n\000t}{appendix.A}% 151
\BOOKMARK [1][-]{appendix.A.4}{\376\377\000R\000a\000p\000p\000o\000r\000t\000s\000\040\000d\000e\000\040\000c\000l\000a\000s\000s\000i\000f\000i\000c\000a\000t\000i\000o\000n\000\040\000d\000\351\000t\000a\000i\000l\000l\000\351\000s}{appendix.A}% 152
\BOOKMARK [0][-]{appendix.B}{\376\377\000R\000\351\000s\000u\000l\000t\000a\000t\000s\000\040\000d\000\351\000t\000a\000i\000l\000l\000\351\000s\000\040\000d\000e\000\040\000l\000a\000\040\000p\000r\000\351\000d\000i\000c\000t\000i\000o\000n\000\040\000d\000e\000\040\000s\000\351\000v\000\351\000r\000i\000t\000\351}{}% 153
\BOOKMARK [1][-]{appendix.B.1}{\376\377\000V\000a\000r\000i\000a\000b\000l\000e\000s\000\040\000d\000u\000\040\000m\000o\000d\000\350\000l\000e}{appendix.B}% 154
\BOOKMARK [1][-]{appendix.B.2}{\376\377\000C\000o\000m\000p\000a\000r\000a\000i\000s\000o\000n\000\040\000d\000e\000s\000\040\000c\000l\000a\000s\000s\000i\000f\000i\000e\000u\000r\000s\000\040\000e\000t\000\040\000r\000\351\000s\000u\000l\000t\000a\000t\000s}{appendix.B}% 155
\BOOKMARK [0][-]{appendix.C}{\376\377\000D\000i\000c\000t\000i\000o\000n\000n\000a\000i\000r\000e\000\040\000d\000e\000\040\000d\000o\000n\000n\000\351\000e\000s}{}% 156
\BOOKMARK [1][-]{appendix.C.1}{\376\377\000T\000a\000b\000l\000e\000\040\000h\000o\000s\000p\000i\000t\000a\000l\000s}{appendix.C}% 157
\BOOKMARK [1][-]{appendix.C.2}{\376\377\000T\000a\000b\000l\000e\000\040\000u\000s\000e\000r\000s}{appendix.C}% 158
\BOOKMARK [1][-]{appendix.C.3}{\376\377\000T\000a\000b\000l\000e\000\040\000p\000a\000t\000i\000e\000n\000t\000s}{appendix.C}% 159
\BOOKMARK [1][-]{appendix.C.4}{\376\377\000T\000a\000b\000l\000e\000\040\000p\000s\000g\000s}{appendix.C}% 160
\BOOKMARK [1][-]{appendix.C.5}{\376\377\000T\000a\000b\000l\000e\000\040\000p\000s\000g\000\137\000a\000n\000n\000o\000t\000a\000t\000i\000o\000n\000s}{appendix.C}% 161
\BOOKMARK [1][-]{appendix.C.6}{\376\377\000T\000a\000b\000l\000e\000\040\000a\000u\000d\000i\000t\000\137\000l\000o\000g\000s}{appendix.C}% 162
\BOOKMARK [1][-]{appendix.C.7}{\376\377\000T\000a\000b\000l\000e\000\040\000f\000i\000l\000e\000\137\000c\000o\000n\000v\000e\000r\000s\000a\000t\000i\000o\000n\000s}{appendix.C}% 163
\BOOKMARK [1][-]{appendix.C.8}{\376\377\000T\000a\000b\000l\000e\000\040\000f\000i\000l\000e\000\137\000m\000e\000s\000s\000a\000g\000e\000s}{appendix.C}% 164
\BOOKMARK [1][-]{appendix.C.9}{\376\377\000S\000y\000n\000t\000h\000\350\000s\000e\000\040\000d\000e\000s\000\040\000r\000e\000l\000a\000t\000i\000o\000n\000s}{appendix.C}% 165
\BOOKMARK [0][-]{appendix.D}{\376\377\000M\000a\000n\000u\000e\000l\000\040\000u\000t\000i\000l\000i\000s\000a\000t\000e\000u\000r}{}% 166
\BOOKMARK [1][-]{appendix.D.1}{\376\377\000P\000r\000e\000m\000i\000e\000r\000s\000\040\000p\000a\000s}{appendix.D}% 167
\BOOKMARK [1][-]{appendix.D.2}{\376\377\000P\000r\000o\000f\000i\000l\000\040\000m\000\351\000d\000e\000c\000i\000n}{appendix.D}% 168
\BOOKMARK [1][-]{appendix.D.3}{\376\377\000P\000r\000o\000f\000i\000l\000\040\000a\000d\000m\000i\000n\000i\000s\000t\000r\000a\000t\000e\000u\000r}{appendix.D}% 169
\BOOKMARK [1][-]{appendix.D.4}{\376\377\000Q\000u\000e\000s\000t\000i\000o\000n\000s\000\040\000f\000r\000\351\000q\000u\000e\000n\000t\000e\000s}{appendix.D}% 170
